Component: ARM Compiler 5.05 update 1 (build 106) Tool: armlink [4d0efa]

==============================================================================

Section Cross References

    system_stm32f10x.o(.text) refers to system_stm32f10x.o(.data) for SystemCoreClock
    startup_stm32f10x_cl.o(STACK) refers (Special) to heapauxi.o(.text) for __use_two_region_memory
    startup_stm32f10x_cl.o(HEAP) refers (Special) to heapauxi.o(.text) for __use_two_region_memory
    startup_stm32f10x_cl.o(RESET) refers (Special) to heapauxi.o(.text) for __use_two_region_memory
    startup_stm32f10x_cl.o(RESET) refers to startup_stm32f10x_cl.o(STACK) for __initial_sp
    startup_stm32f10x_cl.o(RESET) refers to startup_stm32f10x_cl.o(.text) for Reset_Handler
    startup_stm32f10x_cl.o(RESET) refers to stm32f10x_it.o(.text) for NMI_Handler
    startup_stm32f10x_cl.o(RESET) refers to os_cpu_a.o(.text) for PendSV_Handler
    startup_stm32f10x_cl.o(RESET) refers to timer3.o(.text) for TIM3_IRQHandler
    startup_stm32f10x_cl.o(RESET) refers to bsp.o(.text) for USART3_IRQHandler
    startup_stm32f10x_cl.o(.text) refers (Special) to heapauxi.o(.text) for __use_two_region_memory
    startup_stm32f10x_cl.o(.text) refers to system_stm32f10x.o(.text) for SystemInit
    startup_stm32f10x_cl.o(.text) refers to __main.o(!!!main) for __main
    startup_stm32f10x_cl.o(.text) refers to startup_stm32f10x_cl.o(HEAP) for Heap_Mem
    startup_stm32f10x_cl.o(.text) refers to startup_stm32f10x_cl.o(STACK) for Stack_Mem
    os_core.o(.text) refers to os_cpu_a.o(.text) for OS_CPU_SR_Save
    os_core.o(.text) refers to os_cpu_c.o(.text) for OSTaskIdleHook
    os_core.o(.text) refers to os_task.o(.text) for OSTaskCreateExt
    os_core.o(.text) refers to os_mem.o(.text) for OS_MemInit
    os_core.o(.text) refers to os_q.o(.text) for OS_QInit
    os_core.o(.text) refers to os_tmr.o(.text) for OSTmr_Init
    os_core.o(.text) refers to os_core.o(.data) for OSIntNesting
    os_core.o(.text) refers to os_core.o(.bss) for OSTaskIdleStk
    os_core.o(.text) refers to os_core.o(.constdata) for OSUnMapTbl
    os_mem.o(.text) refers to os_cpu_a.o(.text) for OS_CPU_SR_Save
    os_mem.o(.text) refers to os_core.o(.text) for OS_StrCopy
    os_mem.o(.text) refers to os_core.o(.data) for OSMemFreeList
    os_mem.o(.text) refers to os_core.o(.bss) for OSMemTbl
    os_mutex.o(.text) refers to os_cpu_a.o(.text) for OS_CPU_SR_Save
    os_mutex.o(.text) refers to os_core.o(.text) for OS_EventWaitListInit
    os_mutex.o(.text) refers to os_core.o(.data) for OSIntNesting
    os_mutex.o(.text) refers to os_core.o(.bss) for OSTCBPrioTbl
    os_q.o(.text) refers to os_cpu_a.o(.text) for OS_CPU_SR_Save
    os_q.o(.text) refers to os_core.o(.text) for OS_EventWaitListInit
    os_q.o(.text) refers to os_core.o(.data) for OSIntNesting
    os_q.o(.text) refers to os_core.o(.bss) for OSQTbl
    os_sem.o(.text) refers to os_cpu_a.o(.text) for OS_CPU_SR_Save
    os_sem.o(.text) refers to os_core.o(.text) for OS_EventWaitListInit
    os_sem.o(.text) refers to os_core.o(.data) for OSIntNesting
    os_task.o(.text) refers to os_cpu_a.o(.text) for OS_CPU_SR_Save
    os_task.o(.text) refers to os_cpu_c.o(.text) for OSTaskStkInit
    os_task.o(.text) refers to os_core.o(.text) for OS_TCBInit
    os_task.o(.text) refers to os_core.o(.data) for OSIntNesting
    os_task.o(.text) refers to os_core.o(.bss) for OSTCBPrioTbl
    os_time.o(.text) refers to os_cpu_a.o(.text) for OS_CPU_SR_Save
    os_time.o(.text) refers to os_core.o(.text) for OS_Sched
    os_time.o(.text) refers to os_core.o(.data) for OSIntNesting
    os_time.o(.text) refers to os_core.o(.bss) for OSTCBPrioTbl
    os_tmr.o(.text) refers to os_sem.o(.text) for OSSemPost
    os_tmr.o(.text) refers to os_core.o(.text) for OS_StrLen
    os_tmr.o(.text) refers to os_core.o(.data) for OSTmrSem
    os_tmr.o(.text) refers to os_core.o(.bss) for OSTmrWheelTbl
    os_tmr.o(.text) refers to os_task.o(.text) for OSTaskCreateExt
    os_cpu_c.o(.text) refers to os_tmr.o(.text) for OSTmrSignal
    os_cpu_c.o(.text) refers to os_cpu_c.o(.data) for OSTmrCtr
    os_cpu_a.o(.text) refers to os_core.o(.data) for OSRunning
    os_cpu_a.o(.text) refers to os_cpu_c.o(.text) for OSTaskSwHook
    main.o(.text) refers to stm32f10x_systick.o(i.SysTick_CLKSourceConfig) for SysTick_CLKSourceConfig
    main.o(.text) refers to stm32f10x_iwdg.o(.text) for IWDG_ReloadCounter
    main.o(.text) refers to os_time.o(.text) for OSTimeDlyHMSM
    main.o(.text) refers to bsp.o(.text) for USART3_Config
    main.o(.text) refers to stm32f10x_gpio.o(.text) for GPIO_ReadOutputDataBit
    main.o(.text) refers to os_q.o(.text) for OSQPost
    main.o(.text) refers to led.o(.text) for led_clear_area
    main.o(.text) refers to strlen.o(.text) for strlen
    main.o(.text) refers to main.o(.constdata) for ccitt_table
    main.o(.text) refers to main.o(.data) for msg_handler
    main.o(.text) refers to led.o(.constdata) for arrow
[...]
    _get_argv_nomalloc.o(.text) refers (Special) to hrguard.o(.text) for __heap_region$guard
    _get_argv_nomalloc.o(.text) refers to defsig_rtmem_outer.o(.text) for __rt_SIGRTMEM
    _get_argv_nomalloc.o(.text) refers to sys_command.o(.text) for _sys_command_string
    libshutdown.o(.ARM.Collect$$libshutdown$$00000000) refers (Special) to libshutdown2.o(.ARM.Collect$$libshutdown$$00000006) for __rt_lib_shutdown_fp_trap_1
    libshutdown.o(.ARM.Collect$$libshutdown$$00000000) refers (Special) to libshutdown2.o(.ARM.Collect$$libshutdown$$0000000E) for __rt_lib_shutdown_heap_1
    libshutdown.o(.ARM.Collect$$libshutdown$$00000000) refers (Special) to libshutdown2.o(.ARM.Collect$$libshutdown$$0000000F) for __rt_lib_shutdown_return
    libshutdown.o(.ARM.Collect$$libshutdown$$00000000) refers (Special) to libshutdown2.o(.ARM.Collect$$libshutdown$$00000009) for __rt_lib_shutdown_signal_1
    libshutdown.o(.ARM.Collect$$libshutdown$$00000000) refers (Special) to libshutdown2.o(.ARM.Collect$$libshutdown$$00000003) for __rt_lib_shutdown_stdio_1
    libshutdown.o(.ARM.Collect$$libshutdown$$00000000) refers (Special) to libshutdown2.o(.ARM.Collect$$libshutdown$$0000000B) for __rt_lib_shutdown_user_alloc_1
    sys_command.o(.text) refers (Special) to use_no_semi.o(.text) for __I$use$semihosting
    sys_command.o(.text) refers (Special) to indicate_semi.o(.text) for __semihosting_library_function
    defsig_rtmem_outer.o(.text) refers to defsig_rtmem_inner.o(.text) for __rt_SIGRTMEM_inner
    defsig_rtmem_outer.o(.text) refers to defsig_exit.o(.text) for __sig_exit
    defsig_rtmem_formal.o(.text) refers to rt_raise.o(.text) for __rt_raise
    rt_raise.o(.text) refers to __raise.o(.text) for __raise
    rt_raise.o(.text) refers to sys_exit.o(.text) for _sys_exit
    defsig_exit.o(.text) refers to sys_exit.o(.text) for _sys_exit
    defsig_rtmem_inner.o(.text) refers to defsig_general.o(.text) for __default_signal_display
    __raise.o(.text) refers to defsig.o(CL$$defsig) for __default_signal_handler
    defsig_general.o(.text) refers to sys_wrch.o(.text) for _ttywrch
    sys_wrch.o(.text) refers (Special) to use_no_semi.o(.text) for __I$use$semihosting
    sys_wrch.o(.text) refers (Special) to indicate_semi.o(.text) for __semihosting_library_function
    defsig.o(CL$$defsig) refers to defsig_rtmem_inner.o(.text) for __rt_SIGRTMEM_inner
    defsig_abrt_inner.o(.text) refers to defsig_general.o(.text) for __default_signal_display
    defsig_fpe_inner.o(.text) refers to defsig_general.o(.text) for __default_signal_display
    defsig_rtred_inner.o(.text) refers to defsig_general.o(.text) for __default_signal_display
    defsig_stak_inner.o(.text) refers to defsig_general.o(.text) for __default_signal_display
    defsig_pvfn_inner.o(.text) refers to defsig_general.o(.text) for __default_signal_display
    defsig_cppl_inner.o(.text) refers to defsig_general.o(.text) for __default_signal_display
    defsig_segv_inner.o(.text) refers to defsig_general.o(.text) for __default_signal_display
    defsig_other.o(.text) refers to defsig_general.o(.text) for __default_signal_display


==============================================================================

Removing Unused input sections from the image.

    Removing core_cm3.o(.emb_text), (32 bytes).
    Removing os_mutex.o(.text), (1552 bytes).
    Removing os_dbg.o(.constdata), (2 bytes).
    Removing stm32f10x_flash.o(.text), (1468 bytes).
    Removing stm32f10x_crc.o(.text), (72 bytes).
    Removing stm32f10x_nvic.o(i.NVIC_DeInit), (44 bytes).
    Removing stm32f10x_nvic.o(i.NVIC_SCBDeInit), (68 bytes).
    Removing stm32f10x_nvic.o(i.NVIC_StructInit), (12 bytes).
    Removing stm32f10x_nvic.o(i.NVIC_SETPRIMASK), (4 bytes).
    Removing stm32f10x_nvic.o(i.NVIC_RESETPRIMASK), (4 bytes).
    Removing stm32f10x_nvic.o(i.NVIC_SETFAULTMASK), (4 bytes).
    Removing stm32f10x_nvic.o(i.NVIC_RESETFAULTMASK), (4 bytes).
    Removing stm32f10x_nvic.o(i.NVIC_BASEPRICONFIG), (6 bytes).
    Removing stm32f10x_nvic.o(i.NVIC_GetBASEPRI), (4 bytes).
    Removing stm32f10x_nvic.o(i.NVIC_GetCurrentPendingIRQChannel), (16 bytes).
    Removing stm32f10x_nvic.o(i.NVIC_GetIRQChannelPendingBitStatus), (34 bytes).
    Removing stm32f10x_nvic.o(i.NVIC_SetIRQChannelPendingBit), (12 bytes).
    Removing stm32f10x_nvic.o(i.NVIC_ClearIRQChannelPendingBit), (24 bytes).
    Removing stm32f10x_nvic.o(i.NVIC_GetCurrentActiveHandler), (16 bytes).
    Removing stm32f10x_nvic.o(i.NVIC_GetIRQChannelActiveBitStatus), (34 bytes).
    Removing stm32f10x_nvic.o(i.NVIC_GetCPUID), (12 bytes).
    Removing stm32f10x_nvic.o(i.NVIC_SetVectorTable), (20 bytes).
    Removing stm32f10x_nvic.o(i.NVIC_GenerateSystemReset), (16 bytes).
    Removing stm32f10x_nvic.o(i.NVIC_GenerateCoreReset), (16 bytes).
    Removing stm32f10x_nvic.o(i.NVIC_SystemLPConfig), (24 bytes).
    Removing stm32f10x_nvic.o(i.NVIC_SystemHandlerConfig), (32 bytes).
    Removing stm32f10x_nvic.o(i.NVIC_SystemHandlerPriorityConfig), (76 bytes).
    Removing stm32f10x_nvic.o(i.NVIC_GetSystemHandlerPendingBitStatus), (32 bytes).
    Removing stm32f10x_nvic.o(i.NVIC_SetSystemHandlerPendingBit), (24 bytes).
    Removing stm32f10x_nvic.o(i.NVIC_ClearSystemHandlerPendingBit), (24 bytes).
    Removing stm32f10x_nvic.o(i.NVIC_GetSystemHandlerActiveBitStatus), (32 bytes).
    Removing stm32f10x_nvic.o(i.NVIC_GetFaultHandlerSources), (54 bytes).
    Removing stm32f10x_nvic.o(i.NVIC_GetFaultAddress), (22 bytes).
    Removing stm32f10x_rcc.o(i.RCC_DeInit), (60 bytes).
    Removing stm32f10x_rcc.o(i.RCC_HSEConfig), (52 bytes).
    Removing stm32f10x_rcc.o(i.RCC_GetFlagStatus), (48 bytes).
    Removing stm32f10x_rcc.o(i.RCC_WaitForHSEStartUp), (52 bytes).
    Removing stm32f10x_rcc.o(i.RCC_AdjustHSICalibrationValue), (20 bytes).
    Removing stm32f10x_rcc.o(i.RCC_HSICmd), (12 bytes).
    Removing stm32f10x_rcc.o(i.RCC_PLLConfig), (20 bytes).
    Removing stm32f10x_rcc.o(i.RCC_PLLCmd), (12 bytes).
    Removing stm32f10x_rcc.o(i.RCC_SYSCLKConfig), (20 bytes).
    Removing stm32f10x_rcc.o(i.RCC_GetSYSCLKSource), (16 bytes).
    Removing stm32f10x_rcc.o(i.RCC_HCLKConfig), (20 bytes).
    Removing stm32f10x_rcc.o(i.RCC_PCLK1Config), (20 bytes).
    Removing stm32f10x_rcc.o(i.RCC_PCLK2Config), (20 bytes).
    Removing stm32f10x_rcc.o(i.RCC_ITConfig), (24 bytes).
    Removing stm32f10x_rcc.o(i.RCC_USBCLKConfig), (12 bytes).
    Removing stm32f10x_rcc.o(i.RCC_ADCCLKConfig), (20 bytes).
    Removing stm32f10x_rcc.o(i.RCC_LSEConfig), (32 bytes).
    Removing stm32f10x_rcc.o(i.RCC_LSICmd), (12 bytes).
    Removing stm32f10x_rcc.o(i.RCC_RTCCLKConfig), (16 bytes).
    Removing stm32f10x_rcc.o(i.RCC_RTCCLKCmd), (12 bytes).
    Removing stm32f10x_rcc.o(i.RCC_AHBPeriphClockCmd), (24 bytes).
    Removing stm32f10x_rcc.o(i.RCC_BackupResetCmd), (12 bytes).
    Removing stm32f10x_rcc.o(i.RCC_ClockSecuritySystemCmd), (12 bytes).
    Removing stm32f10x_rcc.o(i.RCC_MCOConfig), (12 bytes).
    Removing stm32f10x_rcc.o(i.RCC_ClearFlag), (16 bytes).
    Removing stm32f10x_rcc.o(i.RCC_GetITStatus), (20 bytes).
    Removing stm32f10x_rcc.o(i.RCC_ClearITPendingBit), (12 bytes).
    Removing stm32f10x_rcc.o(.data), (8 bytes).
    Removing stm32f10x_systick.o(i.SysTick_SetReload), (8 bytes).
    Removing stm32f10x_systick.o(i.SysTick_CounterCmd), (36 bytes).
    Removing stm32f10x_systick.o(i.SysTick_ITConfig), (24 bytes).
    Removing stm32f10x_systick.o(i.SysTick_GetCounter), (8 bytes).
    Removing stm32f10x_systick.o(i.SysTick_GetFlagStatus), (32 bytes).
    Removing stm32f10x_tim.o(i.TIM_DeInit), (180 bytes).
    Removing stm32f10x_tim.o(i.TIM_OC1Init), (96 bytes).
    Removing stm32f10x_tim.o(i.TIM_OC2Init), (124 bytes).
    Removing stm32f10x_tim.o(i.TIM_OC3Init), (120 bytes).
    Removing stm32f10x_tim.o(i.TIM_OC4Init), (96 bytes).
    Removing stm32f10x_tim.o(i.TIM_SetIC4Prescaler), (18 bytes).
    Removing stm32f10x_tim.o(i.TIM_SetIC3Prescaler), (16 bytes).
    Removing stm32f10x_tim.o(i.TIM_SetIC2Prescaler), (18 bytes).
    Removing stm32f10x_tim.o(i.TI2_Config), (44 bytes).
    Removing stm32f10x_tim.o(i.TIM_SetIC1Prescaler), (16 bytes).
    Removing stm32f10x_tim.o(i.TIM_ICInit), (162 bytes).
    Removing stm32f10x_tim.o(i.TIM_PWMIConfig), (108 bytes).
    Removing stm32f10x_tim.o(i.TIM_BDTRConfig), (34 bytes).
    Removing stm32f10x_tim.o(i.TIM_TimeBaseStructInit), (18 bytes).
    Removing stm32f10x_tim.o(i.TIM_OCStructInit), (20 bytes).
    Removing stm32f10x_tim.o(i.TIM_ICStructInit), (16 bytes).
    Removing stm32f10x_tim.o(i.TIM_BDTRStructInit), (18 bytes).
    Removing stm32f10x_tim.o(i.TIM_CtrlPWMOutputs), (22 bytes).
    Removing stm32f10x_tim.o(i.TIM_GenerateEvent), (4 bytes).
    Removing stm32f10x_tim.o(i.TIM_DMAConfig), (8 bytes).
    Removing stm32f10x_tim.o(i.TIM_DMACmd), (16 bytes).
    Removing stm32f10x_tim.o(i.TIM_InternalClockConfig), (10 bytes).
    Removing stm32f10x_tim.o(i.TIM_SelectInputTrigger), (12 bytes).
    Removing stm32f10x_tim.o(i.TIM_ITRxExternalClockConfig), (20 bytes).
    Removing stm32f10x_tim.o(i.TIM_TIxExternalClockConfig), (46 bytes).
    Removing stm32f10x_tim.o(i.TIM_ETRConfig), (18 bytes).
    Removing stm32f10x_tim.o(i.TIM_ETRClockMode1Config), (18 bytes).
    Removing stm32f10x_tim.o(i.TIM_ETRClockMode2Config), (18 bytes).
    Removing stm32f10x_tim.o(i.TIM_PrescalerConfig), (6 bytes).
    Removing stm32f10x_tim.o(i.TIM_CounterModeConfig), (14 bytes).
    Removing stm32f10x_tim.o(i.TIM_EncoderInterfaceConfig), (44 bytes).
    Removing stm32f10x_tim.o(i.TIM_ForcedOC1Config), (12 bytes).
    Removing stm32f10x_tim.o(i.TIM_ForcedOC2Config), (14 bytes).
    Removing stm32f10x_tim.o(i.TIM_ForcedOC3Config), (12 bytes).
    Removing stm32f10x_tim.o(i.TIM_ForcedOC4Config), (14 bytes).
    Removing stm32f10x_tim.o(i.TIM_ARRPreloadConfig), (22 bytes).
    Removing stm32f10x_tim.o(i.TIM_SelectCOM), (20 bytes).
    Removing stm32f10x_tim.o(i.TIM_SelectCCDMA), (20 bytes).
    Removing stm32f10x_tim.o(i.TIM_CCPreloadControl), (20 bytes).
    Removing stm32f10x_tim.o(i.TIM_OC1PreloadConfig), (12 bytes).
    Removing stm32f10x_tim.o(i.TIM_OC2PreloadConfig), (14 bytes).
    Removing stm32f10x_tim.o(i.TIM_OC3PreloadConfig), (12 bytes).
    Removing stm32f10x_tim.o(i.TIM_OC4PreloadConfig), (14 bytes).
    Removing stm32f10x_tim.o(i.TIM_OC1FastConfig), (12 bytes).
    Removing stm32f10x_tim.o(i.TIM_OC2FastConfig), (14 bytes).
    Removing stm32f10x_tim.o(i.TIM_OC3FastConfig), (12 bytes).
    Removing stm32f10x_tim.o(i.TIM_OC4FastConfig), (14 bytes).
    Removing stm32f10x_tim.o(i.TIM_ClearOC1Ref), (12 bytes).
    Removing stm32f10x_tim.o(i.TIM_ClearOC2Ref), (14 bytes).
    Removing stm32f10x_tim.o(i.TIM_ClearOC3Ref), (12 bytes).
    Removing stm32f10x_tim.o(i.TIM_ClearOC4Ref), (14 bytes).
    Removing stm32f10x_tim.o(i.TIM_OC1PolarityConfig), (12 bytes).
    Removing stm32f10x_tim.o(i.TIM_OC1NPolarityConfig), (12 bytes).
    Removing stm32f10x_tim.o(i.TIM_OC2PolarityConfig), (14 bytes).
    Removing stm32f10x_tim.o(i.TIM_OC2NPolarityConfig), (14 bytes).
    Removing stm32f10x_tim.o(i.TIM_OC3PolarityConfig), (14 bytes).
    Removing stm32f10x_tim.o(i.TIM_OC3NPolarityConfig), (14 bytes).
    Removing stm32f10x_tim.o(i.TIM_OC4PolarityConfig), (14 bytes).
    Removing stm32f10x_tim.o(i.TIM_CCxCmd), (22 bytes).
    Removing stm32f10x_tim.o(i.TIM_CCxNCmd), (22 bytes).
    Removing stm32f10x_tim.o(i.TIM_SelectOCxM), (62 bytes).
    Removing stm32f10x_tim.o(i.TIM_UpdateDisableConfig), (22 bytes).
    Removing stm32f10x_tim.o(i.TIM_UpdateRequestConfig), (22 bytes).
    Removing stm32f10x_tim.o(i.TIM_SelectHallSensor), (20 bytes).
    Removing stm32f10x_tim.o(i.TIM_SelectOnePulseMode), (18 bytes).
    Removing stm32f10x_tim.o(i.TIM_SelectOutputTrigger), (16 bytes).
    Removing stm32f10x_tim.o(i.TIM_SelectSlaveMode), (16 bytes).
    Removing stm32f10x_tim.o(i.TIM_SelectMasterSlaveMode), (16 bytes).
    Removing stm32f10x_tim.o(i.TIM_SetCounter), (4 bytes).
    Removing stm32f10x_tim.o(i.TIM_SetAutoreload), (4 bytes).
    Removing stm32f10x_tim.o(i.TIM_SetCompare1), (4 bytes).
    Removing stm32f10x_tim.o(i.TIM_SetCompare2), (4 bytes).
    Removing stm32f10x_tim.o(i.TIM_SetCompare3), (4 bytes).
    Removing stm32f10x_tim.o(i.TIM_SetCompare4), (6 bytes).
    Removing stm32f10x_tim.o(i.TIM_SetClockDivision), (14 bytes).
    Removing stm32f10x_tim.o(i.TIM_GetCapture1), (4 bytes).
    Removing stm32f10x_tim.o(i.TIM_GetCapture2), (4 bytes).
    Removing stm32f10x_tim.o(i.TIM_GetCapture3), (4 bytes).
    Removing stm32f10x_tim.o(i.TIM_GetCapture4), (6 bytes).
    Removing stm32f10x_tim.o(i.TIM_GetCounter), (4 bytes).
    Removing stm32f10x_tim.o(i.TIM_GetPrescaler), (4 bytes).
    Removing stm32f10x_tim.o(i.TIM_GetFlagStatus), (14 bytes).
    Removing stm32f10x_tim.o(i.TIM_ClearFlag), (6 bytes).
    Removing stm32f10x_tim.o(i.TI1_Config), (40 bytes).
    Removing cortexm3_macro.o(.text), (122 bytes).

151 unused section(s) (total 6748 bytes) removed from the image.

==============================================================================

Image Symbol Table

    Local Symbols

    Symbol Name                              Value     Ov Type        Size  Object(Section)

    ../clib/angel/boardlib.s                 0x00000000   Number         0  boardshut.o ABSOLUTE
    ../clib/angel/boardlib.s                 0x00000000   Number         0  boardinit3.o ABSOLUTE
    ../clib/angel/boardlib.s                 0x00000000   Number         0  boardinit2.o ABSOLUTE
    ../clib/angel/boardlib.s                 0x00000000   Number         0  boardinit1.o ABSOLUTE
    ../clib/angel/dczerorl2.s                0x00000000   Number         0  __dczerorl2.o ABSOLUTE
    ../clib/angel/handlers.s                 0x00000000   Number         0  __scatter_zi.o ABSOLUTE
    ../clib/angel/kernel.s                   0x00000000   Number         0  __rtentry4.o ABSOLUTE
    ../clib/angel/kernel.s                   0x00000000   Number         0  rtexit.o ABSOLUTE
    ../clib/angel/kernel.s                   0x00000000   Number         0  __rtentry2.o ABSOLUTE
    ../clib/angel/kernel.s                   0x00000000   Number         0  rtexit2.o ABSOLUTE
    ../clib/angel/kernel.s                   0x00000000   Number         0  __rtentry.o ABSOLUTE
    ../clib/angel/rt.s                       0x00000000   Number         0  rt_raise.o ABSOLUTE
    ../clib/angel/scatter.s                  0x00000000   Number         0  __scatter.o ABSOLUTE
    ../clib/angel/startup.s                  0x00000000   Number         0  __main.o ABSOLUTE
    ../clib/angel/sys.s                      0x00000000   Number         0  libspace.o ABSOLUTE
    ../clib/angel/sys.s                      0x00000000   Number         0  indicate_semi.o ABSOLUTE
    ../clib/angel/sys.s                      0x00000000   Number         0  use_no_semi.o ABSOLUTE
    ../clib/angel/sys.s                      0x00000000   Number         0  sys_stackheap_outer.o ABSOLUTE
    ../clib/angel/sysapp.c                   0x00000000   Number         0  sys_wrch.o ABSOLUTE
    ../clib/angel/sysapp.c                   0x00000000   Number         0  sys_exit.o ABSOLUTE
    ../clib/angel/sysapp.c                   0x00000000   Number         0  sys_command.o ABSOLUTE
    ../clib/armsys.c                         0x00000000   Number         0  _get_argv_nomalloc.o ABSOLUTE
    ../clib/armsys.c                         0x00000000   Number         0  argv_veneer.o ABSOLUTE
    ../clib/armsys.c                         0x00000000   Number         0  no_argv.o ABSOLUTE
    ../clib/armsys.c                         0x00000000   Number         0  argv_veneer.o ABSOLUTE
    ../clib/heapalloc.c                      0x00000000   Number         0  hrguard.o ABSOLUTE
    ../clib/heapaux.c                        0x00000000   Number         0  heapauxi.o ABSOLUTE
    ../clib/libinit.s                        0x00000000   Number         0  libinit.o ABSOLUTE
    ../clib/libinit.s                        0x00000000   Number         0  libinit2.o ABSOLUTE
    ../clib/libinit.s                        0x00000000   Number         0  libshutdown2.o ABSOLUTE
    ../clib/libinit.s                        0x00000000   Number         0  libshutdown.o ABSOLUTE
    ../clib/memcpset.s                       0x00000000   Number         0  aeabi_memset.o ABSOLUTE
    ../clib/memcpset.s                       0x00000000   Number         0  rt_memclr.o ABSOLUTE
    ../clib/memcpset.s                       0x00000000   Number         0  rt_memcpy_w.o ABSOLUTE
    ../clib/memcpset.s                       0x00000000   Number         0  rt_memclr_w.o ABSOLUTE
    ../clib/memcpset.s                       0x00000000   Number         0  rt_memcpy_v6.o ABSOLUTE
    ../clib/signal.c                         0x00000000   Number         0  defsig_stak_inner.o ABSOLUTE
    ../clib/signal.c                         0x00000000   Number         0  defsig_segv_inner.o ABSOLUTE
    ../clib/signal.c                         0x00000000   Number         0  defsig_cppl_inner.o ABSOLUTE
    ../clib/signal.c                         0x00000000   Number         0  defsig_pvfn_inner.o ABSOLUTE
    ../clib/signal.c                         0x00000000   Number         0  defsig_exit.o ABSOLUTE
    ../clib/signal.c                         0x00000000   Number         0  defsig_rtmem_inner.o ABSOLUTE
    ../clib/signal.c                         0x00000000   Number         0  defsig_general.o ABSOLUTE
    ../clib/signal.c                         0x00000000   Number         0  defsig_abrt_inner.o ABSOLUTE
    ../clib/signal.c                         0x00000000   Number         0  defsig_fpe_inner.o ABSOLUTE
    ../clib/signal.c                         0x00000000   Number         0  defsig_rtred_inner.o ABSOLUTE
    ../clib/signal.c                         0x00000000   Number         0  defsig_rtmem_outer.o ABSOLUTE
    ../clib/signal.c                         0x00000000   Number         0  __raise.o ABSOLUTE
    ../clib/signal.c                         0x00000000   Number         0  defsig_other.o ABSOLUTE
    ../clib/signal.c                         0x00000000   Number         0  defsig_rtmem_formal.o ABSOLUTE
    ../clib/signal.s                         0x00000000   Number         0  defsig.o ABSOLUTE
    ../clib/stdlib.c                         0x00000000   Number         0  exit.o ABSOLUTE
    ../clib/string.c                         0x00000000   Number         0  strlen.o ABSOLUTE
    ../fplib/fpinit.s                        0x00000000   Number         0  fpinit.o ABSOLUTE
    ..\BSP\BSP.c                             0x00000000   Number         0  bsp.o ABSOLUTE
    ..\BSP\timer3.c                          0x00000000   Number         0  timer3.o ABSOLUTE
    ..\Libraries\CMSIS\CM3\CoreSupport\core_cm3.c 0x00000000   Number         0  core_cm3.o ABSOLUTE
    ..\Libraries\CMSIS\CM3\DeviceSupport\ST\STM32F10x\system_stm32f10x.c 0x00000000   Number         0  system_stm32f10x.o ABSOLUTE
    ..\Libraries\src\stm32f10x_crc.c         0x00000000   Number         0  stm32f10x_crc.o ABSOLUTE
    ..\Libraries\src\stm32f10x_flash.c       0x00000000   Number         0  stm32f10x_flash.o ABSOLUTE
    ..\Libraries\src\stm32f10x_gpio.c        0x00000000   Number         0  stm32f10x_gpio.o ABSOLUTE
    ..\Libraries\src\stm32f10x_iwdg.c        0x00000000   Number         0  stm32f10x_iwdg.o ABSOLUTE
    ..\Libraries\src\stm32f10x_usart.c       0x00000000   Number         0  stm32f10x_usart.o ABSOLUTE
    ..\Startup\startup_stm32f10x_cl.s        0x00000000   Number         0  startup_stm32f10x_cl.o ABSOLUTE
    ..\User\LED.c                            0x00000000   Number         0  led.o ABSOLUTE
    ..\User\main.c                           0x00000000   Number         0  main.o ABSOLUTE
    ..\User\stm32f10x_it.c                   0x00000000   Number         0  stm32f10x_it.o ABSOLUTE
    ..\\Libraries\\CMSIS\\CM3\\CoreSupport\\core_cm3.c 0x00000000   Number         0  core_cm3.o ABSOLUTE
    ..\usosii\Ports\os_cpu_a.asm             0x00000000   Number         0  os_cpu_a.o ABSOLUTE
    ..\usosii\Ports\os_cpu_c.c               0x00000000   Number         0  os_cpu_c.o ABSOLUTE
    ..\usosii\Ports\os_dbg.c                 0x00000000   Number         0  os_dbg.o ABSOLUTE
    ..\usosii\Source\os_core.c               0x00000000   Number         0  os_core.o ABSOLUTE
    ..\usosii\Source\os_flag.c               0x00000000   Number         0  os_flag.o ABSOLUTE
    ..\usosii\Source\os_mbox.c               0x00000000   Number         0  os_mbox.o ABSOLUTE
    ..\usosii\Source\os_mem.c                0x00000000   Number         0  os_mem.o ABSOLUTE
    ..\usosii\Source\os_mutex.c              0x00000000   Number         0  os_mutex.o ABSOLUTE
    ..\usosii\Source\os_q.c                  0x00000000   Number         0  os_q.o ABSOLUTE
    ..\usosii\Source\os_sem.c                0x00000000   Number         0  os_sem.o ABSOLUTE
    ..\usosii\Source\os_task.c               0x00000000   Number         0  os_task.o ABSOLUTE
    ..\usosii\Source\os_time.c               0x00000000   Number         0  os_time.o ABSOLUTE
    ..\usosii\Source\os_tmr.c                0x00000000   Number         0  os_tmr.o ABSOLUTE
    cortexm3_macro.s                         0x00000000   Number         0  cortexm3_macro.o ABSOLUTE
    dc.s                                     0x00000000   Number         0  dc.o ABSOLUTE
    stm32f10x_nvic.c                         0x00000000   Number         0  stm32f10x_nvic.o ABSOLUTE
    stm32f10x_rcc.c                          0x00000000   Number         0  stm32f10x_rcc.o ABSOLUTE
    stm32f10x_systick.c                      0x00000000   Number         0  stm32f10x_systick.o ABSOLUTE
    stm32f10x_tim.c                          0x00000000   Number         0  stm32f10x_tim.o ABSOLUTE
    RESET                                    0x08000000   Section      336  startup_stm32f10x_cl.o(RESET)
    !!!main                                  0x08000150   Section        8  __main.o(!!!main)
    !!!scatter                               0x08000158   Section       52  __scatter.o(!!!scatter)
    !!dczerorl2                              0x0800018c   Section       90  __dczerorl2.o(!!dczerorl2)
    !!handler_zi                             0x080001e8   Section       28  __scatter_zi.o(!!handler_zi)
    .ARM.Collect$$libinit$$00000000          0x08000204   Section        2  libinit.o(.ARM.Collect$$libinit$$00000000)
    .ARM.Collect$$libinit$$00000002          0x08000206   Section        0  libinit2.o(.ARM.Collect$$libinit$$00000002)
    .ARM.Collect$$libinit$$00000004          0x08000206   Section        0  libinit2.o(.ARM.Collect$$libinit$$00000004)
    .ARM.Collect$$libinit$$0000000A          0x08000206   Section        0  libinit2.o(.ARM.Collect$$libinit$$0000000A)
    .ARM.Collect$$libinit$$0000000C          0x08000206   Section        0  libinit2.o(.ARM.Collect$$libinit$$0000000C)
    .ARM.Collect$$libinit$$0000000E          0x08000206   Section        0  libinit2.o(.ARM.Collect$$libinit$$0000000E)
    .ARM.Collect$$libinit$$00000011          0x08000206   Section        0  libinit2.o(.ARM.Collect$$libinit$$00000011)
    .ARM.Collect$$libinit$$00000013          0x08000206   Section        0  libinit2.o(.ARM.Collect$$libinit$$00000013)
    .ARM.Collect$$libinit$$00000015          0x08000206   Section        0  libinit2.o(.ARM.Collect$$libinit$$00000015)
    .ARM.Collect$$libinit$$00000017          0x08000206   Section        0  libinit2.o(.ARM.Collect$$libinit$$00000017)
    .ARM.Collect$$libinit$$00000019          0x08000206   Section        0  libinit2.o(.ARM.Collect$$libinit$$00000019)
    .ARM.Collect$$libinit$$0000001B          0x08000206   Section        0  libinit2.o(.ARM.Collect$$libinit$$0000001B)
    .ARM.Collect$$libinit$$0000001D          0x08000206   Section        0  libinit2.o(.ARM.Collect$$libinit$$0000001D)
    .ARM.Collect$$libinit$$0000001F          0x08000206   Section        0  libinit2.o(.ARM.Collect$$libinit$$0000001F)
    .ARM.Collect$$libinit$$00000021          0x08000206   Section        0  libinit2.o(.ARM.Collect$$libinit$$00000021)
    .ARM.Collect$$libinit$$00000023          0x08000206   Section        0  libinit2.o(.ARM.Collect$$libinit$$00000023)
    .ARM.Collect$$libinit$$00000025          0x08000206   Section        0  libinit2.o(.ARM.Collect$$libinit$$00000025)
    .ARM.Collect$$libinit$$0000002C          0x08000206   Section        0  libinit2.o(.ARM.Collect$$libinit$$0000002C)
    .ARM.Collect$$libinit$$0000002E          0x08000206   Section        0  libinit2.o(.ARM.Collect$$libinit$$0000002E)
    .ARM.Collect$$libinit$$00000030          0x08000206   Section        0  libinit2.o(.ARM.Collect$$libinit$$00000030)
    .ARM.Collect$$libinit$$00000032          0x08000206   Section        0  libinit2.o(.ARM.Collect$$libinit$$00000032)
    .ARM.Collect$$libinit$$00000033          0x08000206   Section        2  libinit2.o(.ARM.Collect$$libinit$$00000033)
    .ARM.Collect$$libshutdown$$00000000      0x08000208   Section        2  libshutdown.o(.ARM.Collect$$libshutdown$$00000000)
    .ARM.Collect$$libshutdown$$00000003      0x0800020a   Section        0  libshutdown2.o(.ARM.Collect$$libshutdown$$00000003)
    .ARM.Collect$$libshutdown$$00000006      0x0800020a   Section        0  libshutdown2.o(.ARM.Collect$$libshutdown$$00000006)
    .ARM.Collect$$libshutdown$$00000009      0x0800020a   Section        0  libshutdown2.o(.ARM.Collect$$libshutdown$$00000009)
    .ARM.Collect$$libshutdown$$0000000B      0x0800020a   Section        0  libshutdown2.o(.ARM.Collect$$libshutdown$$0000000B)
    .ARM.Collect$$libshutdown$$0000000E      0x0800020a   Section        0  libshutdown2.o(.ARM.Collect$$libshutdown$$0000000E)
    .ARM.Collect$$libshutdown$$0000000F      0x0800020a   Section        2  libshutdown2.o(.ARM.Collect$$libshutdown$$0000000F)
    .ARM.Collect$$rtentry$$00000000          0x0800020c   Section        0  __rtentry.o(.ARM.Collect$$rtentry$$00000000)
    .ARM.Collect$$rtentry$$00000002          0x0800020c   Section        0  __rtentry2.o(.ARM.Collect$$rtentry$$00000002)
    .ARM.Collect$$rtentry$$00000004          0x0800020c   Section        6  __rtentry4.o(.ARM.Collect$$rtentry$$00000004)
    .ARM.Collect$$rtentry$$00000009          0x08000212   Section        0  __rtentry2.o(.ARM.Collect$$rtentry$$00000009)
    .ARM.Collect$$rtentry$$0000000A          0x08000212   Section        4  __rtentry2.o(.ARM.Collect$$rtentry$$0000000A)
    .ARM.Collect$$rtentry$$0000000C          0x08000216   Section        0  __rtentry2.o(.ARM.Collect$$rtentry$$0000000C)
    .ARM.Collect$$rtentry$$0000000D          0x08000216   Section        8  __rtentry2.o(.ARM.Collect$$rtentry$$0000000D)
    .ARM.Collect$$rtexit$$00000000           0x0800021e   Section        2  rtexit.o(.ARM.Collect$$rtexit$$00000000)
    .ARM.Collect$$rtexit$$00000002           0x08000220   Section        0  rtexit2.o(.ARM.Collect$$rtexit$$00000002)
    .ARM.Collect$$rtexit$$00000003           0x08000220   Section        4  rtexit2.o(.ARM.Collect$$rtexit$$00000003)
    .ARM.Collect$$rtexit$$00000004           0x08000224   Section        6  rtexit2.o(.ARM.Collect$$rtexit$$00000004)
    .text                                    0x0800022c   Section        0  system_stm32f10x.o(.text)
    SetSysClockTo72                          0x0800022d   Thumb Code   264  system_stm32f10x.o(.text)
    SetSysClock                              0x08000335   Thumb Code     8  system_stm32f10x.o(.text)
    .text                                    0x080004b0   Section       64  startup_stm32f10x_cl.o(.text)
    .text                                    0x080004f0   Section        0  os_core.o(.text)
    OS_InitTaskIdle                          0x0800061d   Thumb Code    52  os_core.o(.text)
    OS_InitEventList                         0x08000663   Thumb Code    70  os_core.o(.text)
    OS_InitTCBList                           0x080006a9   Thumb Code    88  os_core.o(.text)
    OS_InitRdyList                           0x08000701   Thumb Code    46  os_core.o(.text)
    OS_InitMisc                              0x0800072f   Thumb Code    32  os_core.o(.text)
    OS_SchedNew                              0x08000797   Thumb Code    26  os_core.o(.text)
    .text                                    0x08000c64   Section        0  os_mem.o(.text)
    .text                                    0x08000e60   Section        0  os_q.o(.text)
    .text                                    0x08001454   Section        0  os_sem.o(.text)
    .text                                    0x0800180c   Section        0  os_task.o(.text)
    .text                                    0x08001a4c   Section        0  os_time.o(.text)
    .text                                    0x08001c08   Section        0  os_tmr.o(.text)
    OSTmr_Unlock                             0x08001c09   Thumb Code    12  os_tmr.o(.text)
    OSTmr_Alloc                              0x08001c15   Thumb Code    50  os_tmr.o(.text)
    OSTmr_Lock                               0x08001c47   Thumb Code    16  os_tmr.o(.text)
    OSTmr_Free                               0x08001ce9   Thumb Code    66  os_tmr.o(.text)
    OSTmr_Unlink                             0x08001d2b   Thumb Code    62  os_tmr.o(.text)
    OSTmr_Link                               0x08001f59   Thumb Code   100  os_tmr.o(.text)
    OSTmr_Task                               0x08002125   Thumb Code   112  os_tmr.o(.text)
    OSTmr_InitTask                           0x08002195   Thumb Code    50  os_tmr.o(.text)
    .text                                    0x080022c0   Section        0  os_cpu_c.o(.text)
    .text                                    0x08002394   Section      164  os_cpu_a.o(.text)
    .text                                    0x08002438   Section        0  main.o(.text)
    SysTick_Init                             0x08002479   Thumb Code    84  main.o(.text)
    rs485_tx_task                            0x080024cd   Thumb Code    46  main.o(.text)
    rs485_rx_task                            0x080024fb   Thumb Code   222  main.o(.text)
    dis_floor                                0x080025d9   Thumb Code   440  main.o(.text)
    scan_task                                0x08002791   Thumb Code   210  main.o(.text)
    startup_task                             0x08002863   Thumb Code   170  main.o(.text)
    .text                                    0x0800295c   Section        0  stm32f10x_it.o(.text)
    .text                                    0x08002998   Section        0  led.o(.text)
    HUB08_selectNoline                       0x080029b1   Thumb Code    14  led.o(.text)
    HUB08_selectLine                         0x08002aaf   Thumb Code    22  led.o(.text)
    .text                                    0x08002dbc   Section        0  bsp.o(.text)
    myWatchDog_Init                          0x08002dbd   Thumb Code    34  bsp.o(.text)
    GPIO_Config                              0x08002ddf   Thumb Code    40  bsp.o(.text)
    NVIC_Configuration                       0x08002e07   Thumb Code    42  bsp.o(.text)
    .text                                    0x08003098   Section        0  timer3.o(.text)
    .text                                    0x08003118   Section        0  stm32f10x_gpio.o(.text)
    .text                                    0x08003474   Section        0  stm32f10x_usart.o(.text)
    .text                                    0x0800387c   Section        0  stm32f10x_iwdg.o(.text)
    .text                                    0x080038bc   Section        0  strlen.o(.text)
    .text                                    0x080038fa   Section      138  rt_memcpy_v6.o(.text)
    .text                                    0x08003984   Section       16  aeabi_memset.o(.text)
    .text                                    0x08003994   Section       68  rt_memclr.o(.text)
    .text                                    0x080039d8   Section        0  heapauxi.o(.text)
    .text                                    0x080039de   Section      100  rt_memcpy_w.o(.text)
    .text                                    0x08003a42   Section       78  rt_memclr_w.o(.text)
    .text                                    0x08003a90   Section       74  sys_stackheap_outer.o(.text)
    .text                                    0x08003ada   Section        0  exit.o(.text)
    .text                                    0x08003ae8   Section        8  libspace.o(.text)
    .text                                    0x08003af0   Section        0  sys_exit.o(.text)
    .text                                    0x08003afc   Section        2  use_no_semi.o(.text)
    .text                                    0x08003afe   Section        0  indicate_semi.o(.text)
    i.NVIC_Init                              0x08003afe   Section        0  stm32f10x_nvic.o(i.NVIC_Init)
    i.NVIC_PriorityGroupConfig               0x08003b74   Section        0  stm32f10x_nvic.o(i.NVIC_PriorityGroupConfig)
    i.RCC_APB1PeriphClockCmd                 0x08003b88   Section        0  stm32f10x_rcc.o(i.RCC_APB1PeriphClockCmd)
    i.RCC_APB1PeriphResetCmd                 0x08003ba0   Section        0  stm32f10x_rcc.o(i.RCC_APB1PeriphResetCmd)
    i.RCC_APB2PeriphClockCmd                 0x08003bb8   Section        0  stm32f10x_rcc.o(i.RCC_APB2PeriphClockCmd)
    i.RCC_APB2PeriphResetCmd                 0x08003bd0   Section        0  stm32f10x_rcc.o(i.RCC_APB2PeriphResetCmd)
    i.RCC_GetClocksFreq                      0x08003be8   Section        0  stm32f10x_rcc.o(i.RCC_GetClocksFreq)
    i.SysTick_CLKSourceConfig                0x08003c7c   Section        0  stm32f10x_systick.o(i.SysTick_CLKSourceConfig)
    i.TIM_ClearITPendingBit                  0x08003c94   Section        0  stm32f10x_tim.o(i.TIM_ClearITPendingBit)
    i.TIM_Cmd                                0x08003c9a   Section        0  stm32f10x_tim.o(i.TIM_Cmd)
    i.TIM_GetITStatus                        0x08003cb0   Section        0  stm32f10x_tim.o(i.TIM_GetITStatus)
    i.TIM_ITConfig                           0x08003cc8   Section        0  stm32f10x_tim.o(i.TIM_ITConfig)
    i.TIM_TimeBaseInit                       0x08003cd8   Section        0  stm32f10x_tim.o(i.TIM_TimeBaseInit)
    .constdata                               0x08003d14   Section      256  os_core.o(.constdata)
    .constdata                               0x08003e14   Section      512  main.o(.constdata)
    ccitt_table                              0x08003e14   Data         512  main.o(.constdata)
    .constdata                               0x08004014   Section     5328  led.o(.constdata)
    .constdata                               0x080054e4   Section       20  stm32f10x_rcc.o(.constdata)
    ADCPrescTable                            0x080054e4   Data           4  stm32f10x_rcc.o(.constdata)
    APBAHBPrescTable                         0x080054e8   Data          16  stm32f10x_rcc.o(.constdata)
    .conststring                             0x080054f8   Section      434  main.o(.conststring)
    .data                                    0x20000000   Section       20  system_stm32f10x.o(.data)
    .data                                    0x20000014   Section       80  os_core.o(.data)
    .data                                    0x20000064   Section        2  os_cpu_c.o(.data)
    OSTmrCtr                                 0x20000064   Data           2  os_cpu_c.o(.data)
    .data                                    0x20000068   Section      444  main.o(.data)
    .data                                    0x20000224   Section       10  led.o(.data)
    gColor                                   0x2000022c   Data           1  led.o(.data)
    line                                     0x2000022d   Data           1  led.o(.data)
    .bss                                     0x20000230   Section     4576  os_core.o(.bss)
    .bss                                     0x20001410   Section     3608  main.o(.bss)
    startup_task_stk                         0x20001410   Data         256  main.o(.bss)
    rs485_tx_task_stk                        0x20001510   Data        1024  main.o(.bss)
    rs485_rx_task_stk                        0x20001910   Data        2048  main.o(.bss)
    scan_task_stk                            0x20002110   Data         256  main.o(.bss)
    .bss                                     0x20002228   Section     8192  led.o(.bss)
    .bss                                     0x20004228   Section      264  bsp.o(.bss)
    .bss                                     0x20004330   Section       96  libspace.o(.bss)
    HEAP                                     0x20004390   Section      512  startup_stm32f10x_cl.o(HEAP)
    Heap_Mem                                 0x20004390   Data         512  startup_stm32f10x_cl.o(HEAP)
    STACK                                    0x20004590   Section     1024  startup_stm32f10x_cl.o(STACK)
    Stack_Mem                                0x20004590   Data        1024  startup_stm32f10x_cl.o(STACK)
    __initial_sp                             0x20004990   Data           0  startup_stm32f10x_cl.o(STACK)

    Global Symbols

    Symbol Name                              Value     Ov Type        Size  Object(Section)

    BuildAttributes$$THM_ISAv4$P$D$K$B$S$PE$A:L22UL41UL21$X:L11$S22US41US21$IEEE1$IW$USESV6$~STKCKD$USESV7$~SHL$OSPACE$ROPI$EBA8$UX$STANDARDLIB$REQ8$PRES8$EABIv2 0x00000000   Number         0  anon$$obj.o ABSOLUTE
    __ARM_use_no_argv                        0x00000000   Number         0  main.o ABSOLUTE
    __ARM_exceptions_init                     - Undefined Weak Reference
    __alloca_initialize                       - Undefined Weak Reference
    __arm_preinit_                            - Undefined Weak Reference
    __cpp_initialize__aeabi_                  - Undefined Weak Reference
    __cxa_finalize                            - Undefined Weak Reference
    __rt_locale                               - Undefined Weak Reference
    __sigvec_lookup                           - Undefined Weak Reference
    _atexit_init                              - Undefined Weak Reference
    _call_atexit_fns                          - Undefined Weak Reference
    _clock_init                               - Undefined Weak Reference
    _fp_trap_init                             - Undefined Weak Reference
    _fp_trap_shutdown                         - Undefined Weak Reference
    _get_lc_collate                           - Undefined Weak Reference
    _get_lc_ctype                             - Undefined Weak Reference
    _get_lc_monetary                          - Undefined Weak Reference
    _get_lc_numeric                           - Undefined Weak Reference
    _get_lc_time                              - Undefined Weak Reference
    _getenv_init                              - Undefined Weak Reference
    _handle_redirection                       - Undefined Weak Reference
    _init_alloc                               - Undefined Weak Reference
    _init_user_alloc                          - Undefined Weak Reference
    _initio                                   - Undefined Weak Reference
    _rand_init                                - Undefined Weak Reference
    _signal_finish                            - Undefined Weak Reference
    _signal_init                              - Undefined Weak Reference
    _terminate_alloc                          - Undefined Weak Reference
    _terminate_user_alloc                     - Undefined Weak Reference
    _terminateio                              - Undefined Weak Reference
    __Vectors_Size                           0x00000150   Number         0  startup_stm32f10x_cl.o ABSOLUTE
    __Vectors                                0x08000000   Data           4  startup_stm32f10x_cl.o(RESET)
    __Vectors_End                            0x08000150   Data           0  startup_stm32f10x_cl.o(RESET)
    __main                                   0x08000151   Thumb Code     8  __main.o(!!!main)
    __scatterload                            0x08000159   Thumb Code     0  __scatter.o(!!!scatter)
    __scatterload_rt2                        0x08000159   Thumb Code    44  __scatter.o(!!!scatter)
    __scatterload_rt2_thumb_only             0x08000159   Thumb Code     0  __scatter.o(!!!scatter)
    __scatterload_null                       0x08000167   Thumb Code     0  __scatter.o(!!!scatter)
    __decompress                             0x0800018d   Thumb Code    90  __dczerorl2.o(!!dczerorl2)
    __decompress1                            0x0800018d   Thumb Code     0  __dczerorl2.o(!!dczerorl2)
    __scatterload_zeroinit                   0x080001e9   Thumb Code    28  __scatter_zi.o(!!handler_zi)
    __rt_lib_init                            0x08000205   Thumb Code     0  libinit.o(.ARM.Collect$$libinit$$00000000)
    __rt_lib_init_alloca_1                   0x08000207   Thumb Code     0  libinit2.o(.ARM.Collect$$libinit$$0000002E)
    __rt_lib_init_argv_1                     0x08000207   Thumb Code     0  libinit2.o(.ARM.Collect$$libinit$$0000002C)
    __rt_lib_init_atexit_1                   0x08000207   Thumb Code     0  libinit2.o(.ARM.Collect$$libinit$$0000001B)
    __rt_lib_init_clock_1                    0x08000207   Thumb Code     0  libinit2.o(.ARM.Collect$$libinit$$00000021)
    __rt_lib_init_cpp_1                      0x08000207   Thumb Code     0  libinit2.o(.ARM.Collect$$libinit$$00000032)
    __rt_lib_init_exceptions_1               0x08000207   Thumb Code     0  libinit2.o(.ARM.Collect$$libinit$$00000030)
    __rt_lib_init_fp_1                       0x08000207   Thumb Code     0  libinit2.o(.ARM.Collect$$libinit$$00000002)
    __rt_lib_init_fp_trap_1                  0x08000207   Thumb Code     0  libinit2.o(.ARM.Collect$$libinit$$0000001F)
    __rt_lib_init_getenv_1                   0x08000207   Thumb Code     0  libinit2.o(.ARM.Collect$$libinit$$00000023)
    __rt_lib_init_heap_1                     0x08000207   Thumb Code     0  libinit2.o(.ARM.Collect$$libinit$$0000000A)
    __rt_lib_init_lc_collate_1               0x08000207   Thumb Code     0  libinit2.o(.ARM.Collect$$libinit$$00000011)
    __rt_lib_init_lc_ctype_1                 0x08000207   Thumb Code     0  libinit2.o(.ARM.Collect$$libinit$$00000013)
    __rt_lib_init_lc_monetary_1              0x08000207   Thumb Code     0  libinit2.o(.ARM.Collect$$libinit$$00000015)
    __rt_lib_init_lc_numeric_1               0x08000207   Thumb Code     0  libinit2.o(.ARM.Collect$$libinit$$00000017)
    __rt_lib_init_lc_time_1                  0x08000207   Thumb Code     0  libinit2.o(.ARM.Collect$$libinit$$00000019)
    __rt_lib_init_preinit_1                  0x08000207   Thumb Code     0  libinit2.o(.ARM.Collect$$libinit$$00000004)
    __rt_lib_init_rand_1                     0x08000207   Thumb Code     0  libinit2.o(.ARM.Collect$$libinit$$0000000E)
    __rt_lib_init_return                     0x08000207   Thumb Code     0  libinit2.o(.ARM.Collect$$libinit$$00000033)
    __rt_lib_init_signal_1                   0x08000207   Thumb Code     0  libinit2.o(.ARM.Collect$$libinit$$0000001D)
    __rt_lib_init_stdio_1                    0x08000207   Thumb Code     0  libinit2.o(.ARM.Collect$$libinit$$00000025)
    __rt_lib_init_user_alloc_1               0x08000207   Thumb Code     0  libinit2.o(.ARM.Collect$$libinit$$0000000C)
    __rt_lib_shutdown                        0x08000209   Thumb Code     0  libshutdown.o(.ARM.Collect$$libshutdown$$00000000)
    __rt_lib_shutdown_fp_trap_1              0x0800020b   Thumb Code     0  libshutdown2.o(.ARM.Collect$$libshutdown$$00000006)
    __rt_lib_shutdown_heap_1                 0x0800020b   Thumb Code     0  libshutdown2.o(.ARM.Collect$$libshutdown$$0000000E)
    __rt_lib_shutdown_return                 0x0800020b   Thumb Code     0  libshutdown2.o(.ARM.Collect$$libshutdown$$0000000F)
    __rt_lib_shutdown_signal_1               0x0800020b   Thumb Code     0  libshutdown2.o(.ARM.Collect$$libshutdown$$00000009)
    __rt_lib_shutdown_stdio_1                0x0800020b   Thumb Code     0  libshutdown2.o(.ARM.Collect$$libshutdown$$00000003)
    __rt_lib_shutdown_user_alloc_1           0x0800020b   Thumb Code     0  libshutdown2.o(.ARM.Collect$$libshutdown$$0000000B)
    __rt_entry                               0x0800020d   Thumb Code     0  __rtentry.o(.ARM.Collect$$rtentry$$00000000)
    __rt_entry_presh_1                       0x0800020d   Thumb Code     0  __rtentry2.o(.ARM.Collect$$rtentry$$00000002)
    __rt_entry_sh                            0x0800020d   Thumb Code     0  __rtentry4.o(.ARM.Collect$$rtentry$$00000004)
    __rt_entry_li                            0x08000213   Thumb Code     0  __rtentry2.o(.ARM.Collect$$rtentry$$0000000A)
    __rt_entry_postsh_1                      0x08000213   Thumb Code     0  __rtentry2.o(.ARM.Collect$$rtentry$$00000009)
    __rt_entry_main                          0x08000217   Thumb Code     0  __rtentry2.o(.ARM.Collect$$rtentry$$0000000D)
    __rt_entry_postli_1                      0x08000217   Thumb Code     0  __rtentry2.o(.ARM.Collect$$rtentry$$0000000C)
    __rt_exit                                0x0800021f   Thumb Code     0  rtexit.o(.ARM.Collect$$rtexit$$00000000)
    __rt_exit_ls                             0x08000221   Thumb Code     0  rtexit2.o(.ARM.Collect$$rtexit$$00000003)
    __rt_exit_prels_1                        0x08000221   Thumb Code     0  rtexit2.o(.ARM.Collect$$rtexit$$00000002)
    __rt_exit_exit                           0x08000225   Thumb Code     0  rtexit2.o(.ARM.Collect$$rtexit$$00000004)
    SystemInit                               0x0800033d   Thumb Code    92  system_stm32f10x.o(.text)
    SystemCoreClockUpdate                    0x08000399   Thumb Code   232  system_stm32f10x.o(.text)
    Reset_Handler                            0x080004b1   Thumb Code     8  startup_stm32f10x_cl.o(.text)
    ADC1_2_IRQHandler                        0x080004cb   Thumb Code     0  startup_stm32f10x_cl.o(.text)
    CAN1_RX0_IRQHandler                      0x080004cb   Thumb Code     0  startup_stm32f10x_cl.o(.text)
    CAN1_RX1_IRQHandler                      0x080004cb   Thumb Code     0  startup_stm32f10x_cl.o(.text)
    CAN1_SCE_IRQHandler                      0x080004cb   Thumb Code     0  startup_stm32f10x_cl.o(.text)
    CAN1_TX_IRQHandler                       0x080004cb   Thumb Code     0  startup_stm32f10x_cl.o(.text)
    CAN2_RX0_IRQHandler                      0x080004cb   Thumb Code     0  startup_stm32f10x_cl.o(.text)
    CAN2_RX1_IRQHandler                      0x080004cb   Thumb Code     0  startup_stm32f10x_cl.o(.text)
    CAN2_SCE_IRQHandler                      0x080004cb   Thumb Code     0  startup_stm32f10x_cl.o(.text)
    CAN2_TX_IRQHandler                       0x080004cb   Thumb Code     0  startup_stm32f10x_cl.o(.text)
    DMA1_Channel1_IRQHandler                 0x080004cb   Thumb Code     0  startup_stm32f10x_cl.o(.text)
    DMA1_Channel2_IRQHandler                 0x080004cb   Thumb Code     0  startup_stm32f10x_cl.o(.text)
    DMA1_Channel3_IRQHandler                 0x080004cb   Thumb Code     0  startup_stm32f10x_cl.o(.text)
    DMA1_Channel4_IRQHandler                 0x080004cb   Thumb Code     0  startup_stm32f10x_cl.o(.text)
    DMA1_Channel5_IRQHandler                 0x080004cb   Thumb Code     0  startup_stm32f10x_cl.o(.text)
    DMA1_Channel6_IRQHandler                 0x080004cb   Thumb Code     0  startup_stm32f10x_cl.o(.text)
    DMA1_Channel7_IRQHandler                 0x080004cb   Thumb Code     0  startup_stm32f10x_cl.o(.text)
    DMA2_Channel1_IRQHandler                 0x080004cb   Thumb Code     0  startup_stm32f10x_cl.o(.text)
    DMA2_Channel2_IRQHandler                 0x080004cb   Thumb Code     0  startup_stm32f10x_cl.o(.text)
    DMA2_Channel3_IRQHandler                 0x080004cb   Thumb Code     0  startup_stm32f10x_cl.o(.text)
    DMA2_Channel4_IRQHandler                 0x080004cb   Thumb Code     0  startup_stm32f10x_cl.o(.text)
    DMA2_Channel5_IRQHandler                 0x080004cb   Thumb Code     0  startup_stm32f10x_cl.o(.text)
    ETH_IRQHandler                           0x080004cb   Thumb Code     0  startup_stm32f10x_cl.o(.text)
    ETH_WKUP_IRQHandler                      0x080004cb   Thumb Code     0  startup_stm32f10x_cl.o(.text)
    EXTI0_IRQHandler                         0x080004cb   Thumb Code     0  startup_stm32f10x_cl.o(.text)
    EXTI15_10_IRQHandler                     0x080004cb   Thumb Code     0  startup_stm32f10x_cl.o(.text)
    EXTI1_IRQHandler                         0x080004cb   Thumb Code     0  startup_stm32f10x_cl.o(.text)
    EXTI2_IRQHandler                         0x080004cb   Thumb Code     0  startup_stm32f10x_cl.o(.text)
    EXTI3_IRQHandler                         0x080004cb   Thumb Code     0  startup_stm32f10x_cl.o(.text)
    EXTI4_IRQHandler                         0x080004cb   Thumb Code     0  startup_stm32f10x_cl.o(.text)
    EXTI9_5_IRQHandler                       0x080004cb   Thumb Code     0  startup_stm32f10x_cl.o(.text)
    FLASH_IRQHandler                         0x080004cb   Thumb Code     0  startup_stm32f10x_cl.o(.text)
    I2C1_ER_IRQHandler                       0x080004cb   Thumb Code     0  startup_stm32f10x_cl.o(.text)
    I2C1_EV_IRQHandler                       0x080004cb   Thumb Code     0  startup_stm32f10x_cl.o(.text)
    I2C2_ER_IRQHandler                       0x080004cb   Thumb Code     0  startup_stm32f10x_cl.o(.text)
    I2C2_EV_IRQHandler                       0x080004cb   Thumb Code     0  startup_stm32f10x_cl.o(.text)
    OTG_FS_IRQHandler                        0x080004cb   Thumb Code     0  startup_stm32f10x_cl.o(.text)
    OTG_FS_WKUP_IRQHandler                   0x080004cb   Thumb Code     0  startup_stm32f10x_cl.o(.text)
    PVD_IRQHandler                           0x080004cb   Thumb Code     0  startup_stm32f10x_cl.o(.text)
    RCC_IRQHandler                           0x080004cb   Thumb Code     0  startup_stm32f10x_cl.o(.text)
    RTCAlarm_IRQHandler                      0x080004cb   Thumb Code     0  startup_stm32f10x_cl.o(.text)
    RTC_IRQHandler                           0x080004cb   Thumb Code     0  startup_stm32f10x_cl.o(.text)
    SPI1_IRQHandler                          0x080004cb   Thumb Code     0  startup_stm32f10x_cl.o(.text)
    SPI2_IRQHandler                          0x080004cb   Thumb Code     0  startup_stm32f10x_cl.o(.text)
    SPI3_IRQHandler                          0x080004cb   Thumb Code     0  startup_stm32f10x_cl.o(.text)
    TAMPER_IRQHandler                        0x080004cb   Thumb Code     0  startup_stm32f10x_cl.o(.text)
    TIM1_BRK_IRQHandler                      0x080004cb   Thumb Code     0  startup_stm32f10x_cl.o(.text)
    TIM1_CC_IRQHandler                       0x080004cb   Thumb Code     0  startup_stm32f10x_cl.o(.text)
    TIM1_TRG_COM_IRQHandler                  0x080004cb   Thumb Code     0  startup_stm32f10x_cl.o(.text)
    TIM1_UP_IRQHandler                       0x080004cb   Thumb Code     0  startup_stm32f10x_cl.o(.text)
    TIM2_IRQHandler                          0x080004cb   Thumb Code     0  startup_stm32f10x_cl.o(.text)
    TIM4_IRQHandler                          0x080004cb   Thumb Code     0  startup_stm32f10x_cl.o(.text)
    TIM5_IRQHandler                          0x080004cb   Thumb Code     0  startup_stm32f10x_cl.o(.text)
    TIM6_IRQHandler                          0x080004cb   Thumb Code     0  startup_stm32f10x_cl.o(.text)
    TIM7_IRQHandler                          0x080004cb   Thumb Code     0  startup_stm32f10x_cl.o(.text)
    UART4_IRQHandler                         0x080004cb   Thumb Code     0  startup_stm32f10x_cl.o(.text)
    UART5_IRQHandler                         0x080004cb   Thumb Code     0  startup_stm32f10x_cl.o(.text)
    USART1_IRQHandler                        0x080004cb   Thumb Code     0  startup_stm32f10x_cl.o(.text)
    USART2_IRQHandler                        0x080004cb   Thumb Code     0  startup_stm32f10x_cl.o(.text)
    WWDG_IRQHandler                          0x080004cb   Thumb Code     0  startup_stm32f10x_cl.o(.text)
    __user_initial_stackheap                 0x080004cd   Thumb Code     0  startup_stm32f10x_cl.o(.text)
    OS_StrCopy                               0x080004f1   Thumb Code    28  os_core.o(.text)
    OSEventNameGet                           0x0800050d   Thumb Code   100  os_core.o(.text)
    OS_StrLen                                0x08000571   Thumb Code    20  os_core.o(.text)
    OSEventNameSet                           0x08000585   Thumb Code   120  os_core.o(.text)
    OS_TaskIdle                              0x080005fd   Thumb Code    32  os_core.o(.text)
    OS_MemClr                                0x08000651   Thumb Code    18  os_core.o(.text)
    OSInit                                   0x0800074f   Thumb Code    44  os_core.o(.text)
    OSIntEnter                               0x0800077b   Thumb Code    28  os_core.o(.text)
    OSIntExit                                0x080007b1   Thumb Code   112  os_core.o(.text)
    OSStart                                  0x08000821   Thumb Code    48  os_core.o(.text)
    OSTimeTick                               0x08000851   Thumb Code   324  os_core.o(.text)
    OSVersion                                0x08000995   Thumb Code     6  os_core.o(.text)
    OS_EventTaskRemove                       0x0800099b   Thumb Code    42  os_core.o(.text)
    OS_EventTaskRdy                          0x080009c5   Thumb Code   114  os_core.o(.text)
    OS_EventTaskWait                         0x08000a37   Thumb Code   112  os_core.o(.text)
    OS_EventWaitListInit                     0x08000aa7   Thumb Code    28  os_core.o(.text)
    OS_MemCopy                               0x08000ac3   Thumb Code    20  os_core.o(.text)
    OS_Sched                                 0x08000ad7   Thumb Code    86  os_core.o(.text)
    OS_TCBInit                               0x08000b2d   Thumb Code   256  os_core.o(.text)
    OSMemCreate                              0x08000c65   Thumb Code   114  os_mem.o(.text)
    OSMemGet                                 0x08000cd7   Thumb Code    62  os_mem.o(.text)
    OSMemNameGet                             0x08000d15   Thumb Code    62  os_mem.o(.text)
    OSMemNameSet                             0x08000d53   Thumb Code    84  os_mem.o(.text)
    OSMemPut                                 0x08000da7   Thumb Code    54  os_mem.o(.text)
    OSMemQuery                               0x08000ddd   Thumb Code    52  os_mem.o(.text)
    OS_MemInit                               0x08000e11   Thumb Code    68  os_mem.o(.text)
    OSQAccept                                0x08000e61   Thumb Code    90  os_q.o(.text)
    OSQCreate                                0x08000ebb   Thumb Code   150  os_q.o(.text)
    OSQDel                                   0x08000f51   Thumb Code   254  os_q.o(.text)
    OSQFlush                                 0x0800104f   Thumb Code    36  os_q.o(.text)
    OSQPend                                  0x08001073   Thumb Code   278  os_q.o(.text)
    OSQPendAbort                             0x08001189   Thumb Code   128  os_q.o(.text)
    OSQPost                                  0x08001209   Thumb Code   114  os_q.o(.text)
    OSQPostFront                             0x0800127b   Thumb Code   136  os_q.o(.text)
    OSQPostOpt                               0x08001303   Thumb Code   182  os_q.o(.text)
    OSQQuery                                 0x080013b9   Thumb Code   100  os_q.o(.text)
    OS_QInit                                 0x0800141d   Thumb Code    46  os_q.o(.text)
    OSSemAccept                              0x08001455   Thumb Code    44  os_sem.o(.text)
    OSSemCreate                              0x08001481   Thumb Code    78  os_sem.o(.text)
    OSSemDel                                 0x080014cf   Thumb Code   220  os_sem.o(.text)
    OSSemPend                                0x080015ab   Thumb Code   228  os_sem.o(.text)
    OSSemPendAbort                           0x0800168f   Thumb Code   128  os_sem.o(.text)
    OSSemPost                                0x0800170f   Thumb Code    88  os_sem.o(.text)
    OSSemQuery                               0x08001767   Thumb Code    82  os_sem.o(.text)
    OSSemSet                                 0x080017b9   Thumb Code    68  os_sem.o(.text)
    OSTaskCreate                             0x0800180d   Thumb Code   150  os_task.o(.text)
    OSTaskCreateExt                          0x080018a3   Thumb Code   162  os_task.o(.text)
    OSTaskNameGet                            0x08001945   Thumb Code   116  os_task.o(.text)
    OSTaskNameSet                            0x080019b9   Thumb Code   132  os_task.o(.text)
    OSTimeDly                                0x08001a4d   Thumb Code    96  os_time.o(.text)
    OSTimeDlyHMSM                            0x08001aad   Thumb Code   108  os_time.o(.text)
    OSTimeDlyResume                          0x08001b19   Thumb Code   168  os_time.o(.text)
    OSTimeGet                                0x08001bc1   Thumb Code    24  os_time.o(.text)
    OSTimeSet                                0x08001bd9   Thumb Code    24  os_time.o(.text)
    OSTmrCreate                              0x08001c57   Thumb Code   146  os_tmr.o(.text)
    OSTmrDel                                 0x08001d69   Thumb Code   126  os_tmr.o(.text)
    OSTmrNameGet                             0x08001de7   Thumb Code   116  os_tmr.o(.text)
    OSTmrRemainGet                           0x08001e5b   Thumb Code   166  os_tmr.o(.text)
    OSTmrStateGet                            0x08001f01   Thumb Code    88  os_tmr.o(.text)
    OSTmrStart                               0x08001fbd   Thumb Code   162  os_tmr.o(.text)
    OSTmrStop                                0x0800205f   Thumb Code   182  os_tmr.o(.text)
    OSTmrSignal                              0x08002115   Thumb Code    16  os_tmr.o(.text)
    OSTmr_Init                               0x080021c7   Thumb Code   162  os_tmr.o(.text)
    OSInitHookBegin                          0x080022c1   Thumb Code     8  os_cpu_c.o(.text)
    OSInitHookEnd                            0x080022c9   Thumb Code     2  os_cpu_c.o(.text)
    OSTaskCreateHook                         0x080022cb   Thumb Code     2  os_cpu_c.o(.text)
    OSTaskDelHook                            0x080022cd   Thumb Code     2  os_cpu_c.o(.text)
    OSTaskIdleHook                           0x080022cf   Thumb Code     2  os_cpu_c.o(.text)
    OSTaskStatHook                           0x080022d1   Thumb Code     2  os_cpu_c.o(.text)
    OSTaskStkInit                            0x080022d3   Thumb Code   154  os_cpu_c.o(.text)
    OSTaskSwHook                             0x0800236d   Thumb Code     2  os_cpu_c.o(.text)
    OSTCBInitHook                            0x0800236f   Thumb Code     2  os_cpu_c.o(.text)
    OSTimeTickHook                           0x08002371   Thumb Code    30  os_cpu_c.o(.text)
    OS_CPU_SR_Save                           0x08002395   Thumb Code     0  os_cpu_a.o(.text)
    OS_CPU_SR_Restore                        0x0800239d   Thumb Code     0  os_cpu_a.o(.text)
    OSStartHighRdy                           0x080023a3   Thumb Code     0  os_cpu_a.o(.text)
    OSCtxSw                                  0x080023c3   Thumb Code     0  os_cpu_a.o(.text)
    OSIntCtxSw                               0x080023cd   Thumb Code     0  os_cpu_a.o(.text)
    PendSV_Handler                           0x080023d7   Thumb Code     0  os_cpu_a.o(.text)
    my_crc_ccitt                             0x08002439   Thumb Code    64  main.o(.text)
    main                                     0x0800290d   Thumb Code    30  main.o(.text)
    NMI_Handler                              0x0800295d   Thumb Code     2  stm32f10x_it.o(.text)
    HardFault_Handler                        0x0800295f   Thumb Code     4  stm32f10x_it.o(.text)
    MemManage_Handler                        0x08002963   Thumb Code     4  stm32f10x_it.o(.text)
    BusFault_Handler                         0x08002967   Thumb Code     4  stm32f10x_it.o(.text)
    UsageFault_Handler                       0x0800296b   Thumb Code     4  stm32f10x_it.o(.text)
    SVC_Handler                              0x0800296f   Thumb Code     2  stm32f10x_it.o(.text)
    DebugMon_Handler                         0x08002971   Thumb Code     2  stm32f10x_it.o(.text)
    SysTick_Handler                          0x08002973   Thumb Code    34  stm32f10x_it.o(.text)
    delay_us                                 0x08002999   Thumb Code    24  led.o(.text)
    HUB08_Init                               0x080029bf   Thumb Code   240  led.o(.text)
    HUB08_scan                               0x08002ac5   Thumb Code   206  led.o(.text)
    disp_clear                               0x08002b93   Thumb Code    16  led.o(.text)
    disp_full                                0x08002ba3   Thumb Code    20  led.o(.text)
    led_set_color                            0x08002bb7   Thumb Code    14  led.o(.text)
    led_clear_area                           0x08002bc5   Thumb Code    68  led.o(.text)
    led_picture                              0x08002c09   Thumb Code   190  led.o(.text)
    led_print                                0x08002cc7   Thumb Code    70  led.o(.text)
    led_little_print                         0x08002d0d   Thumb Code    68  led.o(.text)
    disbuffer_exchange                       0x08002d51   Thumb Code    56  led.o(.text)
    BSP_Init                                 0x08002e31   Thumb Code    24  bsp.o(.text)
    USART3_Config                            0x08002e49   Thumb Code   162  bsp.o(.text)
    RS485_send_bytes                         0x08002eeb   Thumb Code    90  bsp.o(.text)
    _read_data                               0x08002f45   Thumb Code    88  bsp.o(.text)
    RS485_recieve_bytes                      0x08002f9d   Thumb Code    76  bsp.o(.text)
    USART3_IRQHandler                        0x08002fe9   Thumb Code   154  bsp.o(.text)
    myTime3_Init                             0x08003099   Thumb Code    96  timer3.o(.text)
    TIM3_IRQHandler                          0x080030f9   Thumb Code    28  timer3.o(.text)
    GPIO_DeInit                              0x08003119   Thumb Code   172  stm32f10x_gpio.o(.text)
    GPIO_AFIODeInit                          0x080031c5   Thumb Code    20  stm32f10x_gpio.o(.text)
    GPIO_Init                                0x080031d9   Thumb Code   278  stm32f10x_gpio.o(.text)
    GPIO_StructInit                          0x080032ef   Thumb Code    16  stm32f10x_gpio.o(.text)
    GPIO_ReadInputDataBit                    0x080032ff   Thumb Code    18  stm32f10x_gpio.o(.text)
    GPIO_ReadInputData                       0x08003311   Thumb Code     8  stm32f10x_gpio.o(.text)
    GPIO_ReadOutputDataBit                   0x08003319   Thumb Code    18  stm32f10x_gpio.o(.text)
    GPIO_ReadOutputData                      0x0800332b   Thumb Code     8  stm32f10x_gpio.o(.text)
    GPIO_SetBits                             0x08003333   Thumb Code     4  stm32f10x_gpio.o(.text)
    GPIO_ResetBits                           0x08003337   Thumb Code     4  stm32f10x_gpio.o(.text)
    GPIO_WriteBit                            0x0800333b   Thumb Code    10  stm32f10x_gpio.o(.text)
    GPIO_Write                               0x08003345   Thumb Code     4  stm32f10x_gpio.o(.text)
    GPIO_PinLockConfig                       0x08003349   Thumb Code    18  stm32f10x_gpio.o(.text)
    GPIO_EventOutputConfig                   0x0800335b   Thumb Code    26  stm32f10x_gpio.o(.text)
    GPIO_EventOutputCmd                      0x08003375   Thumb Code     6  stm32f10x_gpio.o(.text)
    GPIO_PinRemapConfig                      0x0800337b   Thumb Code   138  stm32f10x_gpio.o(.text)
    GPIO_EXTILineConfig                      0x08003405   Thumb Code    66  stm32f10x_gpio.o(.text)
    GPIO_ETH_MediaInterfaceConfig            0x08003447   Thumb Code     8  stm32f10x_gpio.o(.text)
    USART_DeInit                             0x08003475   Thumb Code   134  stm32f10x_usart.o(.text)
    USART_Init                               0x080034fb   Thumb Code   210  stm32f10x_usart.o(.text)
    USART_StructInit                         0x080035cd   Thumb Code    24  stm32f10x_usart.o(.text)
    USART_ClockInit                          0x080035e5   Thumb Code    34  stm32f10x_usart.o(.text)
    USART_ClockStructInit                    0x08003607   Thumb Code    12  stm32f10x_usart.o(.text)
    USART_Cmd                                0x08003613   Thumb Code    24  stm32f10x_usart.o(.text)
    USART_ITConfig                           0x0800362b   Thumb Code    74  stm32f10x_usart.o(.text)
    USART_DMACmd                             0x08003675   Thumb Code    18  stm32f10x_usart.o(.text)
    USART_SetAddress                         0x08003687   Thumb Code    18  stm32f10x_usart.o(.text)
    USART_WakeUpConfig                       0x08003699   Thumb Code    18  stm32f10x_usart.o(.text)
    USART_ReceiverWakeUpCmd                  0x080036ab   Thumb Code    24  stm32f10x_usart.o(.text)
    USART_LINBreakDetectLengthConfig         0x080036c3   Thumb Code    18  stm32f10x_usart.o(.text)
    USART_LINCmd                             0x080036d5   Thumb Code    24  stm32f10x_usart.o(.text)
    USART_SendData                           0x080036ed   Thumb Code     8  stm32f10x_usart.o(.text)
    USART_ReceiveData                        0x080036f5   Thumb Code    10  stm32f10x_usart.o(.text)
    USART_SendBreak                          0x080036ff   Thumb Code    10  stm32f10x_usart.o(.text)
    USART_SetGuardTime                       0x08003709   Thumb Code    16  stm32f10x_usart.o(.text)
    USART_SetPrescaler                       0x08003719   Thumb Code    16  stm32f10x_usart.o(.text)
    USART_SmartCardCmd                       0x08003729   Thumb Code    24  stm32f10x_usart.o(.text)
    USART_SmartCardNACKCmd                   0x08003741   Thumb Code    24  stm32f10x_usart.o(.text)
    USART_HalfDuplexCmd                      0x08003759   Thumb Code    24  stm32f10x_usart.o(.text)
    USART_OverSampling8Cmd                   0x08003771   Thumb Code    22  stm32f10x_usart.o(.text)
    USART_OneBitMethodCmd                    0x08003787   Thumb Code    24  stm32f10x_usart.o(.text)
    USART_IrDAConfig                         0x0800379f   Thumb Code    18  stm32f10x_usart.o(.text)
    USART_IrDACmd                            0x080037b1   Thumb Code    24  stm32f10x_usart.o(.text)
    USART_GetFlagStatus                      0x080037c9   Thumb Code    26  stm32f10x_usart.o(.text)
    USART_ClearFlag                          0x080037e3   Thumb Code    18  stm32f10x_usart.o(.text)
    USART_GetITStatus                        0x080037f5   Thumb Code    84  stm32f10x_usart.o(.text)
    USART_ClearITPendingBit                  0x08003849   Thumb Code    52  stm32f10x_usart.o(.text)
    IWDG_WriteAccessCmd                      0x0800387d   Thumb Code     6  stm32f10x_iwdg.o(.text)
    IWDG_SetPrescaler                        0x08003883   Thumb Code     6  stm32f10x_iwdg.o(.text)
    IWDG_SetReload                           0x08003889   Thumb Code     6  stm32f10x_iwdg.o(.text)
    IWDG_ReloadCounter                       0x0800388f   Thumb Code    10  stm32f10x_iwdg.o(.text)
    IWDG_Enable                              0x08003899   Thumb Code    10  stm32f10x_iwdg.o(.text)
    IWDG_GetFlagStatus                       0x080038a3   Thumb Code    20  stm32f10x_iwdg.o(.text)
    strlen                                   0x080038bd   Thumb Code    62  strlen.o(.text)
    __aeabi_memcpy                           0x080038fb   Thumb Code     0  rt_memcpy_v6.o(.text)
    __rt_memcpy                              0x080038fb   Thumb Code   138  rt_memcpy_v6.o(.text)
    _memcpy_lastbytes                        0x08003961   Thumb Code     0  rt_memcpy_v6.o(.text)
    __aeabi_memset                           0x08003985   Thumb Code    16  aeabi_memset.o(.text)
    __aeabi_memclr                           0x08003995   Thumb Code     0  rt_memclr.o(.text)
    __rt_memclr                              0x08003995   Thumb Code    68  rt_memclr.o(.text)
    _memset                                  0x08003999   Thumb Code     0  rt_memclr.o(.text)
    __use_two_region_memory                  0x080039d9   Thumb Code     2  heapauxi.o(.text)
    __rt_heap_escrow$2region                 0x080039db   Thumb Code     2  heapauxi.o(.text)
    __rt_heap_expand$2region                 0x080039dd   Thumb Code     2  heapauxi.o(.text)
    __aeabi_memcpy4                          0x080039df   Thumb Code     0  rt_memcpy_w.o(.text)
    __aeabi_memcpy8                          0x080039df   Thumb Code     0  rt_memcpy_w.o(.text)
    __rt_memcpy_w                            0x080039df   Thumb Code   100  rt_memcpy_w.o(.text)
    _memcpy_lastbytes_aligned                0x08003a27   Thumb Code     0  rt_memcpy_w.o(.text)
    __aeabi_memclr4                          0x08003a43   Thumb Code     0  rt_memclr_w.o(.text)
    __aeabi_memclr8                          0x08003a43   Thumb Code     0  rt_memclr_w.o(.text)
    __rt_memclr_w                            0x08003a43   Thumb Code    78  rt_memclr_w.o(.text)
    _memset_w                                0x08003a47   Thumb Code     0  rt_memclr_w.o(.text)
    __user_setup_stackheap                   0x08003a91   Thumb Code    74  sys_stackheap_outer.o(.text)
    exit                                     0x08003adb   Thumb Code    12  exit.o(.text)
    __user_libspace                          0x08003ae9   Thumb Code     8  libspace.o(.text)
    __user_perproc_libspace                  0x08003ae9   Thumb Code     0  libspace.o(.text)
    __user_perthread_libspace                0x08003ae9   Thumb Code     0  libspace.o(.text)
    _sys_exit                                0x08003af1   Thumb Code     8  sys_exit.o(.text)
    __I$use$semihosting                      0x08003afd   Thumb Code     0  use_no_semi.o(.text)
    __use_no_semihosting_swi                 0x08003afd   Thumb Code     2  use_no_semi.o(.text)
    NVIC_Init                                0x08003aff   Thumb Code   116  stm32f10x_nvic.o(i.NVIC_Init)
    __semihosting_library_function           0x08003aff   Thumb Code     0  indicate_semi.o(.text)
    NVIC_PriorityGroupConfig                 0x08003b75   Thumb Code    10  stm32f10x_nvic.o(i.NVIC_PriorityGroupConfig)
    RCC_APB1PeriphClockCmd                   0x08003b89   Thumb Code    18  stm32f10x_rcc.o(i.RCC_APB1PeriphClockCmd)
    RCC_APB1PeriphResetCmd                   0x08003ba1   Thumb Code    18  stm32f10x_rcc.o(i.RCC_APB1PeriphResetCmd)
    RCC_APB2PeriphClockCmd                   0x08003bb9   Thumb Code    18  stm32f10x_rcc.o(i.RCC_APB2PeriphClockCmd)
    RCC_APB2PeriphResetCmd                   0x08003bd1   Thumb Code    18  stm32f10x_rcc.o(i.RCC_APB2PeriphResetCmd)
    RCC_GetClocksFreq                        0x08003be9   Thumb Code   132  stm32f10x_rcc.o(i.RCC_GetClocksFreq)
    SysTick_CLKSourceConfig                  0x08003c7d   Thumb Code    24  stm32f10x_systick.o(i.SysTick_CLKSourceConfig)
    TIM_ClearITPendingBit                    0x08003c95   Thumb Code     6  stm32f10x_tim.o(i.TIM_ClearITPendingBit)
    TIM_Cmd                                  0x08003c9b   Thumb Code    22  stm32f10x_tim.o(i.TIM_Cmd)
    TIM_GetITStatus                          0x08003cb1   Thumb Code    24  stm32f10x_tim.o(i.TIM_GetITStatus)
    TIM_ITConfig                             0x08003cc9   Thumb Code    16  stm32f10x_tim.o(i.TIM_ITConfig)
    TIM_TimeBaseInit                         0x08003cd9   Thumb Code    52  stm32f10x_tim.o(i.TIM_TimeBaseInit)
    OSUnMapTbl                               0x08003d14   Data         256  os_core.o(.constdata)
    hanzi_font                               0x08004014   Data         300  led.o(.constdata)
    ascii_font                               0x08004140   Data        3800  led.o(.constdata)
    ascii_font12                             0x08005018   Data        1140  led.o(.constdata)
    arrow                                    0x0800548c   Data          80  led.o(.constdata)
    up_led_port_value                        0x080054dc   Data           4  led.o(.constdata)
    dn_led_port_value                        0x080054e0   Data           4  led.o(.constdata)
    Region$$Table$$Base                      0x080056ac   Number         0  anon$$obj.o(Region$$Table)
    Region$$Table$$Limit                     0x080056cc   Number         0  anon$$obj.o(Region$$Table)
    SystemCoreClock                          0x20000000   Data           4  system_stm32f10x.o(.data)
    AHBPrescTable                            0x20000004   Data          16  system_stm32f10x.o(.data)
    OSCtxSwCtr                               0x20000014   Data           4  os_core.o(.data)
    OSEventFreeList                          0x20000018   Data           4  os_core.o(.data)
    OSIntNesting                             0x2000001c   Data           1  os_core.o(.data)
    OSLockNesting                            0x2000001d   Data           1  os_core.o(.data)
    OSPrioCur                                0x2000001e   Data           1  os_core.o(.data)
    OSPrioHighRdy                            0x2000001f   Data           1  os_core.o(.data)
    OSRdyGrp                                 0x20000020   Data           1  os_core.o(.data)
    OSRdyTbl                                 0x20000021   Data           8  os_core.o(.data)
    OSRunning                                0x20000029   Data           1  os_core.o(.data)
    OSTaskCtr                                0x2000002a   Data           1  os_core.o(.data)
    OSIdleCtr                                0x2000002c   Data           4  os_core.o(.data)
    OSTCBCur                                 0x20000030   Data           4  os_core.o(.data)
    OSTCBFreeList                            0x20000034   Data           4  os_core.o(.data)
    OSTCBHighRdy                             0x20000038   Data           4  os_core.o(.data)
    OSTCBList                                0x2000003c   Data           4  os_core.o(.data)
    OSTickStepState                          0x20000040   Data           1  os_core.o(.data)
    OSMemFreeList                            0x20000044   Data           4  os_core.o(.data)
    OSQFreeList                              0x20000048   Data           4  os_core.o(.data)
    OSTime                                   0x2000004c   Data           4  os_core.o(.data)
    OSTmrFree                                0x20000050   Data           2  os_core.o(.data)
    OSTmrUsed                                0x20000052   Data           2  os_core.o(.data)
    OSTmrTime                                0x20000054   Data           4  os_core.o(.data)
    OSTmrSem                                 0x20000058   Data           4  os_core.o(.data)
    OSTmrSemSignal                           0x2000005c   Data           4  os_core.o(.data)
    OSTmrFreeList                            0x20000060   Data           4  os_core.o(.data)
    msg_handler                              0x20000068   Data           4  main.o(.data)
    online_Cnt                               0x2000006c   Data           3  main.o(.data)
    floor_table                              0x20000070   Data         424  main.o(.data)
    elevator_name_str                        0x20000218   Data          12  main.o(.data)
    draw_buffer                              0x20000224   Data           4  led.o(.data)
    disp_buffer                              0x20000228   Data           4  led.o(.data)
    OSEventTbl                               0x20000230   Data         360  os_core.o(.bss)
    OSTaskIdleStk                            0x20000398   Data         512  os_core.o(.bss)
    OSTCBPrioTbl                             0x20000598   Data         256  os_core.o(.bss)
    OSTCBTbl                                 0x20000698   Data        1764  os_core.o(.bss)
    OSMemTbl                                 0x20000d7c   Data         180  os_core.o(.bss)
    OSQTbl                                   0x20000e30   Data          96  os_core.o(.bss)
    OSTmrTbl                                 0x20000e90   Data         832  os_core.o(.bss)
    OSTmrTaskStk                             0x200011d0   Data         512  os_core.o(.bss)
    OSTmrWheelTbl                            0x200013d0   Data          64  os_core.o(.bss)
    MsgGrp                                   0x20002210   Data          24  main.o(.bss)
    buffer_A                                 0x20002228   Data        4096  led.o(.bss)
    buffer_B                                 0x20003228   Data        4096  led.o(.bss)
    rs485_buf                                0x20004228   Data         264  bsp.o(.bss)
    __libspace_start                         0x20004330   Data          96  libspace.o(.bss)
    __temporary_stack_top$libspace           0x20004390   Data           0  libspace.o(.bss)



==============================================================================

Memory Map of the image

  Image Entry point : 0x08000151

  Load Region LR_IROM1 (Base: 0x08000000, Size: 0x000058fc, Max: 0x00040000, ABSOLUTE, COMPRESSED[0x00005820])

    Execution Region ER_IROM1 (Base: 0x08000000, Size: 0x000056cc, Max: 0x00040000, ABSOLUTE)

    Base Addr    Size         Type   Attr      Idx    E Section Name        Object

    0x08000000   0x00000150   Data   RO           68    RESET               startup_stm32f10x_cl.o
    0x08000150   0x00000008   Code   RO         1426  * !!!main             c_w.l(__main.o)
    0x08000158   0x00000034   Code   RO         1588    !!!scatter          c_w.l(__scatter.o)
    0x0800018c   0x0000005a   Code   RO         1586    !!dczerorl2         c_w.l(__dczerorl2.o)
    0x080001e6   0x00000002   PAD
    0x080001e8   0x0000001c   Code   RO         1590    !!handler_zi        c_w.l(__scatter_zi.o)
    0x08000204   0x00000002   Code   RO         1457    .ARM.Collect$$libinit$$00000000  c_w.l(libinit.o)
    0x08000206   0x00000000   Code   RO         1464    .ARM.Collect$$libinit$$00000002  c_w.l(libinit2.o)
    0x08000206   0x00000000   Code   RO         1466    .ARM.Collect$$libinit$$00000004  c_w.l(libinit2.o)
    0x08000206   0x00000000   Code   RO         1469    .ARM.Collect$$libinit$$0000000A  c_w.l(libinit2.o)
    0x08000206   0x00000000   Code   RO         1471    .ARM.Collect$$libinit$$0000000C  c_w.l(libinit2.o)
    0x08000206   0x00000000   Code   RO         1473    .ARM.Collect$$libinit$$0000000E  c_w.l(libinit2.o)
    0x08000206   0x00000000   Code   RO         1476    .ARM.Collect$$libinit$$00000011  c_w.l(libinit2.o)
    0x08000206   0x00000000   Code   RO         1478    .ARM.Collect$$libinit$$00000013  c_w.l(libinit2.o)
    0x08000206   0x00000000   Code   RO         1480    .ARM.Collect$$libinit$$00000015  c_w.l(libinit2.o)
    0x08000206   0x00000000   Code   RO         1482    .ARM.Collect$$libinit$$00000017  c_w.l(libinit2.o)
    0x08000206   0x00000000   Code   RO         1484    .ARM.Collect$$libinit$$00000019  c_w.l(libinit2.o)
    0x08000206   0x00000000   Code   RO         1486    .ARM.Collect$$libinit$$0000001B  c_w.l(libinit2.o)
    0x08000206   0x00000000   Code   RO         1488    .ARM.Collect$$libinit$$0000001D  c_w.l(libinit2.o)
    0x08000206   0x00000000   Code   RO         1490    .ARM.Collect$$libinit$$0000001F  c_w.l(libinit2.o)
    0x08000206   0x00000000   Code   RO         1492    .ARM.Collect$$libinit$$00000021  c_w.l(libinit2.o)
    0x08000206   0x00000000   Code   RO         1494    .ARM.Collect$$libinit$$00000023  c_w.l(libinit2.o)
    0x08000206   0x00000000   Code   RO         1496    .ARM.Collect$$libinit$$00000025  c_w.l(libinit2.o)
    0x08000206   0x00000000   Code   RO         1500    .ARM.Collect$$libinit$$0000002C  c_w.l(libinit2.o)
    0x08000206   0x00000000   Code   RO         1502    .ARM.Collect$$libinit$$0000002E  c_w.l(libinit2.o)
    0x08000206   0x00000000   Code   RO         1504    .ARM.Collect$$libinit$$00000030  c_w.l(libinit2.o)
    0x08000206   0x00000000   Code   RO         1506    .ARM.Collect$$libinit$$00000032  c_w.l(libinit2.o)
    0x08000206   0x00000002   Code   RO         1507    .ARM.Collect$$libinit$$00000033  c_w.l(libinit2.o)
    0x08000208   0x00000002   Code   RO         1527    .ARM.Collect$$libshutdown$$00000000  c_w.l(libshutdown.o)
    0x0800020a   0x00000000   Code   RO         1541    .ARM.Collect$$libshutdown$$00000003  c_w.l(libshutdown2.o)
    0x0800020a   0x00000000   Code   RO         1544    .ARM.Collect$$libshutdown$$00000006  c_w.l(libshutdown2.o)
    0x0800020a   0x00000000   Code   RO         1547    .ARM.Collect$$libshutdown$$00000009  c_w.l(libshutdown2.o)
    0x0800020a   0x00000000   Code   RO         1549    .ARM.Collect$$libshutdown$$0000000B  c_w.l(libshutdown2.o)
    0x0800020a   0x00000000   Code   RO         1552    .ARM.Collect$$libshutdown$$0000000E  c_w.l(libshutdown2.o)
    0x0800020a   0x00000002   Code   RO         1553    .ARM.Collect$$libshutdown$$0000000F  c_w.l(libshutdown2.o)
    0x0800020c   0x00000000   Code   RO         1428    .ARM.Collect$$rtentry$$00000000  c_w.l(__rtentry.o)
    0x0800020c   0x00000000   Code   RO         1434    .ARM.Collect$$rtentry$$00000002  c_w.l(__rtentry2.o)
    0x0800020c   0x00000006   Code   RO         1446    .ARM.Collect$$rtentry$$00000004  c_w.l(__rtentry4.o)
    0x08000212   0x00000000   Code   RO         1436    .ARM.Collect$$rtentry$$00000009  c_w.l(__rtentry2.o)
    0x08000212   0x00000004   Code   RO         1437    .ARM.Collect$$rtentry$$0000000A  c_w.l(__rtentry2.o)
    0x08000216   0x00000000   Code   RO         1439    .ARM.Collect$$rtentry$$0000000C  c_w.l(__rtentry2.o)
    0x08000216   0x00000008   Code   RO         1440    .ARM.Collect$$rtentry$$0000000D  c_w.l(__rtentry2.o)
    0x0800021e   0x00000002   Code   RO         1461    .ARM.Collect$$rtexit$$00000000  c_w.l(rtexit.o)
    0x08000220   0x00000000   Code   RO         1509    .ARM.Collect$$rtexit$$00000002  c_w.l(rtexit2.o)
    0x08000220   0x00000004   Code   RO         1510    .ARM.Collect$$rtexit$$00000003  c_w.l(rtexit2.o)
    0x08000224   0x00000006   Code   RO         1511    .ARM.Collect$$rtexit$$00000004  c_w.l(rtexit2.o)
    0x0800022a   0x00000002   PAD
    0x0800022c   0x00000284   Code   RO           17    .text               system_stm32f10x.o
    0x080004b0   0x00000040   Code   RO           69    .text               startup_stm32f10x_cl.o
    0x080004f0   0x00000774   Code   RO           73    .text               os_core.o
    0x08000c64   0x000001fc   Code   RO          118    .text               os_mem.o
    0x08000e60   0x000005f4   Code   RO          142    .text               os_q.o
    0x08001454   0x000003b8   Code   RO          154    .text               os_sem.o
    0x0800180c   0x00000240   Code   RO          166    .text               os_task.o
    0x08001a4c   0x000001bc   Code   RO          178    .text               os_time.o
    0x08001c08   0x000006b8   Code   RO          190    .text               os_tmr.o
    0x080022c0   0x000000d4   Code   RO          202    .text               os_cpu_c.o
    0x08002394   0x000000a4   Code   RO          232    .text               os_cpu_a.o
    0x08002438   0x00000524   Code   RO          235    .text               main.o
    0x0800295c   0x0000003c   Code   RO          275    .text               stm32f10x_it.o
    0x08002998   0x00000424   Code   RO          305    .text               led.o
    0x08002dbc   0x000002dc   Code   RO          340    .text               bsp.o
    0x08003098   0x00000080   Code   RO          358    .text               timer3.o
    0x08003118   0x0000035c   Code   RO          385    .text               stm32f10x_gpio.o
    0x08003474   0x00000408   Code   RO          397    .text               stm32f10x_usart.o
    0x0800387c   0x00000040   Code   RO          409    .text               stm32f10x_iwdg.o
    0x080038bc   0x0000003e   Code   RO         1416    .text               c_w.l(strlen.o)
    0x080038fa   0x0000008a   Code   RO         1418    .text               c_w.l(rt_memcpy_v6.o)
    0x08003984   0x00000010   Code   RO         1420    .text               c_w.l(aeabi_memset.o)
    0x08003994   0x00000044   Code   RO         1422    .text               c_w.l(rt_memclr.o)
    0x080039d8   0x00000006   Code   RO         1424    .text               c_w.l(heapauxi.o)
    0x080039de   0x00000064   Code   RO         1429    .text               c_w.l(rt_memcpy_w.o)
    0x08003a42   0x0000004e   Code   RO         1431    .text               c_w.l(rt_memclr_w.o)
    0x08003a90   0x0000004a   Code   RO         1448    .text               c_w.l(sys_stackheap_outer.o)
    0x08003ada   0x0000000c   Code   RO         1450    .text               c_w.l(exit.o)
    0x08003ae6   0x00000002   PAD
    0x08003ae8   0x00000008   Code   RO         1458    .text               c_w.l(libspace.o)
    0x08003af0   0x0000000c   Code   RO         1519    .text               c_w.l(sys_exit.o)
    0x08003afc   0x00000002   Code   RO         1530    .text               c_w.l(use_no_semi.o)
    0x08003afe   0x00000000   Code   RO         1532    .text               c_w.l(indicate_semi.o)
    0x08003afe   0x00000074   Code   RO          424    i.NVIC_Init         STM32F10xR.LIB(stm32f10x_nvic.o)
    0x08003b72   0x00000002   PAD
    0x08003b74   0x00000014   Code   RO          423    i.NVIC_PriorityGroupConfig  STM32F10xR.LIB(stm32f10x_nvic.o)
    0x08003b88   0x00000018   Code   RO          646    i.RCC_APB1PeriphClockCmd  STM32F10xR.LIB(stm32f10x_rcc.o)
    0x08003ba0   0x00000018   Code   RO          648    i.RCC_APB1PeriphResetCmd  STM32F10xR.LIB(stm32f10x_rcc.o)
    0x08003bb8   0x00000018   Code   RO          645    i.RCC_APB2PeriphClockCmd  STM32F10xR.LIB(stm32f10x_rcc.o)
    0x08003bd0   0x00000018   Code   RO          647    i.RCC_APB2PeriphResetCmd  STM32F10xR.LIB(stm32f10x_rcc.o)
    0x08003be8   0x00000094   Code   RO          643    i.RCC_GetClocksFreq  STM32F10xR.LIB(stm32f10x_rcc.o)
    0x08003c7c   0x00000018   Code   RO          827    i.SysTick_CLKSourceConfig  STM32F10xR.LIB(stm32f10x_systick.o)
    0x08003c94   0x00000006   Code   RO          959    i.TIM_ClearITPendingBit  STM32F10xR.LIB(stm32f10x_tim.o)
    0x08003c9a   0x00000016   Code   RO          890    i.TIM_Cmd           STM32F10xR.LIB(stm32f10x_tim.o)
    0x08003cb0   0x00000018   Code   RO          958    i.TIM_GetITStatus   STM32F10xR.LIB(stm32f10x_tim.o)
    0x08003cc8   0x00000010   Code   RO          892    i.TIM_ITConfig      STM32F10xR.LIB(stm32f10x_tim.o)
    0x08003cd8   0x0000003c   Code   RO          873    i.TIM_TimeBaseInit  STM32F10xR.LIB(stm32f10x_tim.o)
    0x08003d14   0x00000100   Data   RO           75    .constdata          os_core.o
    0x08003e14   0x00000200   Data   RO          237    .constdata          main.o
    0x08004014   0x000014d0   Data   RO          307    .constdata          led.o
    0x080054e4   0x00000014   Data   RO          656    .constdata          STM32F10xR.LIB(stm32f10x_rcc.o)
    0x080054f8   0x000001b2   Data   RO          238    .conststring        main.o
    0x080056aa   0x00000002   PAD
    0x080056ac   0x00000020   Data   RO         1584    Region$$Table       anon$$obj.o


    Execution Region RW_IRAM1 (Base: 0x20000000, Size: 0x00004990, Max: 0x00010000, ABSOLUTE, COMPRESSED[0x00000154])

    Base Addr    Size         Type   Attr      Idx    E Section Name        Object

    0x20000000   0x00000014   Data   RW           18    .data               system_stm32f10x.o
    0x20000014   0x00000050   Data   RW           76    .data               os_core.o
    0x20000064   0x00000002   Data   RW          203    .data               os_cpu_c.o
    0x20000066   0x00000002   PAD
    0x20000068   0x000001bc   Data   RW          239    .data               main.o
    0x20000224   0x0000000a   Data   RW          308    .data               led.o
    0x2000022e   0x00000002   PAD
    0x20000230   0x000011e0   Zero   RW           74    .bss                os_core.o
    0x20001410   0x00000e18   Zero   RW          236    .bss                main.o
    0x20002228   0x00002000   Zero   RW          306    .bss                led.o
    0x20004228   0x00000108   Zero   RW          341    .bss                bsp.o
    0x20004330   0x00000060   Zero   RW         1459    .bss                c_w.l(libspace.o)
    0x20004390   0x00000200   Zero   RW           67    HEAP                startup_stm32f10x_cl.o
    0x20004590   0x00000400   Zero   RW           66    STACK               startup_stm32f10x_cl.o


==============================================================================

Image component sizes


      Code (inc. data)   RO Data    RW Data    ZI Data      Debug   Object Name

       732         22          0          0        264       2943   bsp.o
         0          0          0          0          0       4536   core_cm3.o
      1060         52       5328         10       8192       6008   led.o
      1316         92        946        444       3608      19733   main.o
      1908        166        256         80       4576      17209   os_core.o
       164         32          0          0          0        352   os_cpu_a.o
       212          6          0          2          0      12646   os_cpu_c.o
         0          0          0          0          0       9413   os_flag.o
       508         12          0          0          0       3200   os_mem.o
      1524         30          0          0          0       5569   os_q.o
       952         16          0          0          0       3958   os_sem.o
       576         16          0          0          0       2935   os_task.o
       444         24          0          0          0       1858   os_time.o
      1720        118          0          0          0       5833   os_tmr.o
        64         26        336          0       1536        828   startup_stm32f10x_cl.o
       860         38          0          0          0       5685   stm32f10x_gpio.o
        60          4          0          0          0       1259   stm32f10x_it.o
        64          6          0          0          0       1289   stm32f10x_iwdg.o
      1032         22          0          0          0       8404   stm32f10x_usart.o
       644         48          0         20          0     272131   system_stm32f10x.o
       128          4          0          0          0        707   timer3.o

    ----------------------------------------------------------------------
     13968        734       6900        560      18176     386496   Object Totals
         0          0         32          0          0          0   (incl. Generated)
         0          0          2          4          0          0   (incl. Padding)

    ----------------------------------------------------------------------

      Code (inc. data)   RO Data    RW Data    ZI Data      Debug   Library Member Name

       136         10          0          0          0      25255   stm32f10x_nvic.o
       244         40         20          0          0      12756   stm32f10x_rcc.o
        24          0          0          0          0        478   stm32f10x_systick.o
       128          8          0          0          0      27118   stm32f10x_tim.o
        90          0          0          0          0          0   __dczerorl2.o
         8          0          0          0          0         68   __main.o
         0          0          0          0          0          0   __rtentry.o
        12          0          0          0          0          0   __rtentry2.o
         6          0          0          0          0          0   __rtentry4.o
        52          8          0          0          0          0   __scatter.o
        28          0          0          0          0          0   __scatter_zi.o
        16          0          0          0          0         68   aeabi_memset.o
        12          0          0          0          0         72   exit.o
         6          0          0          0          0        152   heapauxi.o
         0          0          0          0          0          0   indicate_semi.o
         2          0          0          0          0          0   libinit.o
         2          0          0          0          0          0   libinit2.o
         2          0          0          0          0          0   libshutdown.o
         2          0          0          0          0          0   libshutdown2.o
         8          4          0          0         96         68   libspace.o
        68          0          0          0          0         68   rt_memclr.o
        78          0          0          0          0         80   rt_memclr_w.o
       138          0          0          0          0         68   rt_memcpy_v6.o
       100          0          0          0          0         80   rt_memcpy_w.o
         2          0          0          0          0          0   rtexit.o
        10          0          0          0          0          0   rtexit2.o
        62          0          0          0          0         76   strlen.o
        12          4          0          0          0         68   sys_exit.o
        74          0          0          0          0         80   sys_stackheap_outer.o
         2          0          0          0          0         68   use_no_semi.o

    ----------------------------------------------------------------------
      1332         74         20          0         96      66623   Library Totals
         8          0          0          0          0          0   (incl. Padding)

    ----------------------------------------------------------------------

      Code (inc. data)   RO Data    RW Data    ZI Data      Debug   Library Name

       532         58         20          0          0      65607   STM32F10xR.LIB
       792         16          0          0         96       1016   c_w.l

    ----------------------------------------------------------------------
      1332         74         20          0         96      66623   Library Totals

    ----------------------------------------------------------------------

==============================================================================


      Code (inc. data)   RO Data    RW Data    ZI Data      Debug   

     15300        808       6920        560      18272     450847   Grand Totals
     15300        808       6920        340      18272     450847   ELF Image Totals (compressed)
     15300        808       6920        340          0          0   ROM Totals

==============================================================================

    Total RO  Size (Code + RO Data)                22220 (  21.70kB)
    Total RW  Size (RW Data + ZI Data)             18832 (  18.39kB)
    Total ROM Size (Code + RO Data + RW Data)      22560 (  22.03kB)

==============================================================================

