<html>
<body>
<pre>
<h1>礦ision Build Log</h1>
<h2>Tool Versions:</h2>
IDE-Version: μVision V5.14.0.0
Copyright (C) 2015 ARM Ltd and ARM Germany GmbH. All rights reserved.
License Information: zhong Microsoft, Microsoft, LIC=0VR9U-SBM6F-BV51G-V5IT9-GZ9PY-7XWVB
 
Tool Versions:
Toolchain:       MDK-ARM Professional  Version: 5.14.0.0
Toolchain Path:  C:\Keil_v5\ARM\ARMCC\Bin
C Compiler:      Armcc.exe V5.05 update 1 (build 106)
Assembler:       Armasm.exe V5.05 update 1 (build 106)
Linker/Locator:  ArmLink.exe V5.05 update 1 (build 106)
Library Manager: ArmAr.exe V5.05 update 1 (build 106)
Hex Converter:   FromElf.exe V5.05 update 1 (build 106)
CPU DLL:         SARMCM3.DLL V5.14.0.0
Dialog DLL:      DCM.DLL V1.13.1.0
Target DLL:      Segger\JL2CM3.dll V2.99.13.0
Dialog DLL:      TCM.DLL V1.14.4.0
 
<h2>Project:</h2>
E:\3、设计案例\电梯楼层显示\source code\sunzongguan\STM32f105rb_UCOS\UCOS-II\Project\ucosii.uvprojx
Project File Date:  10/20/2017

<h2>Output:</h2>
Build target 'ucosii'
compiling main.c...
..\User\main.c(235): warning:  #550-D: variable "tx_buf" was set but never used
        uint8_t tx_buf[4];
..\User\main.c(325): warning:  #223-D: function "strlen" declared implicitly
        x_size = strlen(name) * EN_WIDTH;
..\User\main.c: 2 warnings, 0 errors
linking...
Program Size: Code=15300 RO-data=6920 RW-data=560 ZI-data=18272  
FromELF: creating hex file...
".\ucosii.axf" - 0 Error(s), 2 Warning(s).

<h2>Collection of Component include folders:</h2>
  E:\3、设计案例\电梯楼层显示\source code\sunzongguan\STM32f105rb_UCOS\UCOS-II\Project\RTE
  C:\Keil_v5\ARM\PACK\Keil\STM32F1xx_DFP\2.1.0

<h2>Collection of Component Files used:</h2>
</pre>
</body>
</html>
